<html>
<body>
<pre>
<h1>µVision Build Log</h1>
<h2>Tool Versions:</h2>
IDE-Version: µVision V5.31.0.0
Copyright (C) 2020 ARM Ltd and ARM Germany GmbH. All rights reserved.
License Information: ECBME Dept. Ryerson University Flex license: MDK Professional 5.31 (Flex): 200 user(s) (mdk_pro) Operation stops: 21 Jun 2024
 
Tool Versions:
Toolchain:       MDK Professional 5.31 (Flex): 200 user(s)  Version: 5.31.0.0
Toolchain Path:  C:\Keil_v5\ARM\ARMCC\Bin
C Compiler:      Armcc.exe V5.06 update 6 (build 750)
Assembler:       Armasm.exe V5.06 update 6 (build 750)
Linker/Locator:  ArmLink.exe V5.06 update 6 (build 750)
Library Manager: ArmAr.exe V5.06 update 6 (build 750)
Hex Converter:   FromElf.exe V5.06 update 6 (build 750)
CPU DLL:         SARMCM3.DLL V5.31.0.0
Dialog DLL:      DARMP1.DLL V1.27.0.0
Target DLL:      UL2CM3.DLL V1.163.4.0
Dialog DLL:      TARMP1.DLL V1.26.0.0
 
<h2>Project:</h2>
S:\COE718\Project\Project.uvprojx
Project File Date:  11/16/2022

<h2>Output:</h2>
*** Using Compiler 'V5.06 update 6 (build 750)', folder: 'C:\Keil_v5\ARM\ARMCC\Bin'
Rebuild target 'Target 1'
compiling core_cm3.c...
compiling Blinky.c...
Blinky.c(157): warning:  #1294-D: Old-style function LCD
  int LCD(menu_count) {
Blinky.c(321): warning:  #177-D: variable "js_last_sp"  was declared but never referenced
                int js_last_sp = 0;
Blinky.c(322): warning:  #177-D: variable "menu_count_gal"  was declared but never referenced
                int menu_count_gal = 3;
Blinky.c(467): warning:  #177-D: variable "js_last_sp"  was declared but never referenced
                int js_last_sp = 0;
Blinky.c(468): warning:  #177-D: variable "count_sp"  was declared but never referenced
                int count_sp = 2;
Blinky.c(471): warning:  #177-D: variable "count"  was declared but never referenced
                int count = 0;
Blinky.c(600): warning:  #940-D: missing return statement at end of non-void function "determrps" 
  }
Blinky.c(746): warning:  #177-D: variable "js_last_sp"  was declared but never referenced
                int js_last_sp = 0;
Blinky.c(747): warning:  #177-D: variable "count_sp"  was declared but never referenced
                int count_sp = 2;
Blinky.c(749): warning:  #177-D: variable "count"  was declared but never referenced
                int count = 0;
Blinky.c(891): warning:  #223-D: function "multi_tie" declared implicitly
                                        multi_tie(score_p1, score_p2, round_num);
Blinky.c(895): warning:  #223-D: function "multi_lose" declared implicitly
                                        multi_lose(score_p1, score_p2, round_num);
Blinky.c(899): warning:  #223-D: function "multi_win" declared implicitly
                                        multi_win(score_p1, score_p2, round_num);
Blinky.c(905): warning:  #223-D: function "multi_win" declared implicitly
                                        multi_win(score_p1, score_p2, round_num);
Blinky.c(908): warning:  #223-D: function "multi_tie" declared implicitly
                                        multi_tie(score_p1, score_p2, round_num);
Blinky.c(912): warning:  #223-D: function "multi_lose" declared implicitly
                                        multi_lose(score_p1, score_p2, round_num);
Blinky.c(918): warning:  #223-D: function "multi_lose" declared implicitly
                                        multi_lose(score_p1, score_p2, round_num);
Blinky.c(922): warning:  #223-D: function "multi_win" declared implicitly
                                        multi_win(score_p1, score_p2, round_num);
Blinky.c(925): warning:  #223-D: function "multi_tie" declared implicitly
                                        multi_tie(score_p1, score_p2, round_num);
Blinky.c(929): warning:  #940-D: missing return statement at end of non-void function "multi_determrps" 
  }
Blinky.c(1366): warning:  #1-D: last line of file ends without a newline
   
Blinky.c: 21 warnings, 0 errors
compiling IRQ.c...
compiling GLCD_SPI_LPC1700.c...
compiling LED.c...
compiling KBD.c...
compiling adcuser.c...
compiling usbcore.c...
compiling usbdesc.c...
compiling usbdmain.c...
usbdmain.c(31): warning:  #1295-D: Deprecated declaration main - give arg types
  extern int main();
usbdmain.c(196): warning:  #940-D: missing return statement at end of non-void function "audio" 
  }
usbdmain.c(144): warning:  #177-D: variable "js_sp"  was declared but never referenced
        int js_sp = 0;
usbdmain.c(145): warning:  #177-D: variable "js_last_sp"  was declared but never referenced
        int js_last_sp = 0;
usbdmain.c(146): warning:  #177-D: variable "menu_count_gal"  was declared but never referenced
        int menu_count_gal = 3;
usbdmain.c(148): warning:  #177-D: variable "count"  was declared but never referenced
        int count = 0;
usbdmain.c: 6 warnings, 0 errors
compiling usbhw.c...
compiling usbuser.c...
compiling ARM_Ani_16bpp.c...
compiling Bg_16bpp_b.c...
compiling Bg_16bpp_l.c...
compiling Bg_16bpp_r.c...
compiling Bg_16bpp_t.c...
assembling startup_LPC17xx.s...
compiling system_LPC17xx.c...
compiling img1.c...
compiling game.c...
compiling img2.c...
compiling img3.c...
linking...
Program Size: Code=17408 RO-data=422732 RW-data=152 ZI-data=1252  
".\Objects\Project.axf" - 0 Error(s), 27 Warning(s).

<h2>Software Packages used:</h2>

Package Vendor: ARM
                http://www.keil.com/pack/ARM.CMSIS.5.7.0.pack
                ARM.CMSIS.5.7.0
                CMSIS (Cortex Microcontroller Software Interface Standard)
   * Component: CORE Version: 5.4.0

Package Vendor: Keil
                http://www.keil.com/pack/Keil.LPC1700_DFP.2.6.0.pack
                Keil.LPC1700_DFP.2.6.0
                NXP LPC1700 Series Device Support, Drivers and Examples for MCB1700 and LPC1788-32

<h2>Collection of Component include folders:</h2>
  .\RTE\_Target_1
  C:\Users\ECBME\AppData\Local\Arm\Packs\ARM\CMSIS\5.7.0\CMSIS\Core\Include
  C:\Users\ECBME\AppData\Local\Arm\Packs\Keil\LPC1700_DFP\2.6.0\Device\Include

<h2>Collection of Component Files used:</h2>

   * Component: ARM::CMSIS:CORE:5.4.0
Build Time Elapsed:  00:00:40
</pre>
</body>
</html>
