Component: ARM Compiler 5.06 update 6 (build 750) Tool: armlink [4d35ed]

==============================================================================

Section Cross References

    blinky.o(i.LCD) refers to glcd_spi_lpc1700.o(i.GLCD_SetBackColor) for GLCD_SetBackColor
    blinky.o(i.LCD) refers to glcd_spi_lpc1700.o(i.GLCD_SetTextColor) for GLCD_SetTextColor
    blinky.o(i.LCD) refers to glcd_spi_lpc1700.o(i.GLCD_DisplayString) for GLCD_DisplayString
    blinky.o(i.determrps) refers to blinky.o(i.tie) for tie
    blinky.o(i.determrps) refers to blinky.o(i.lose) for lose
    blinky.o(i.determrps) refers to blinky.o(i.win) for win
    blinky.o(i.gallery) refers to glcd_spi_lpc1700.o(i.GLCD_Clear) for GLCD_Clear
    blinky.o(i.gallery) refers to kbd.o(i.get_button) for get_button
    blinky.o(i.gallery) refers to blinky.o(i.main) for main
    blinky.o(i.gallery) refers to glcd_spi_lpc1700.o(i.GLCD_SetBackColor) for GLCD_SetBackColor
    blinky.o(i.gallery) refers to glcd_spi_lpc1700.o(i.GLCD_SetTextColor) for GLCD_SetTextColor
    blinky.o(i.gallery) refers to glcd_spi_lpc1700.o(i.GLCD_DisplayString) for GLCD_DisplayString
    blinky.o(i.gallery) refers to glcd_spi_lpc1700.o(i.GLCD_Bitmap) for GLCD_Bitmap
    blinky.o(i.gallery) refers to img1.o(.constdata) for img_1
    blinky.o(i.gallery) refers to img2.o(.constdata) for img_2
    blinky.o(i.gallery) refers to img3.o(.constdata) for img_3
    blinky.o(i.game_menu) refers to glcd_spi_lpc1700.o(i.GLCD_Clear) for GLCD_Clear
    blinky.o(i.game_menu) refers to glcd_spi_lpc1700.o(i.GLCD_SetBackColor) for GLCD_SetBackColor
    blinky.o(i.game_menu) refers to glcd_spi_lpc1700.o(i.GLCD_SetTextColor) for GLCD_SetTextColor
    blinky.o(i.game_menu) refers to glcd_spi_lpc1700.o(i.GLCD_DisplayString) for GLCD_DisplayString
    blinky.o(i.game_menu) refers to kbd.o(i.get_button) for get_button
    blinky.o(i.game_menu) refers to blinky.o(i.singleplayer) for singleplayer
    blinky.o(i.game_menu) refers to blinky.o(i.multiplayer) for multiplayer
    blinky.o(i.game_menu) refers to blinky.o(i.main) for main
    blinky.o(i.lose) refers to glcd_spi_lpc1700.o(i.GLCD_Clear) for GLCD_Clear
    blinky.o(i.lose) refers to glcd_spi_lpc1700.o(i.GLCD_SetBackColor) for GLCD_SetBackColor
    blinky.o(i.lose) refers to glcd_spi_lpc1700.o(i.GLCD_SetTextColor) for GLCD_SetTextColor
    blinky.o(i.lose) refers to glcd_spi_lpc1700.o(i.GLCD_DisplayString) for GLCD_DisplayString
    blinky.o(i.lose) refers to kbd.o(i.get_button) for get_button
    blinky.o(i.lose) refers to blinky.o(i.singleplayer) for singleplayer
    blinky.o(i.main) refers to glcd_spi_lpc1700.o(i.GLCD_Init) for GLCD_Init
    blinky.o(i.main) refers to led.o(i.LED_Init) for LED_Init
    blinky.o(i.main) refers to glcd_spi_lpc1700.o(i.GLCD_Clear) for GLCD_Clear
    blinky.o(i.main) refers to glcd_spi_lpc1700.o(i.GLCD_SetBackColor) for GLCD_SetBackColor
    blinky.o(i.main) refers to glcd_spi_lpc1700.o(i.GLCD_SetTextColor) for GLCD_SetTextColor
    blinky.o(i.main) refers to glcd_spi_lpc1700.o(i.GLCD_DisplayString) for GLCD_DisplayString
    blinky.o(i.main) refers to kbd.o(i.get_button) for get_button
    blinky.o(i.main) refers to blinky.o(i.gallery) for gallery
    blinky.o(i.main) refers to blinky.o(i.speaker_menu) for speaker_menu
    blinky.o(i.main) refers to blinky.o(i.game_menu) for game_menu
    blinky.o(i.main) refers to blinky.o(i.LCD) for LCD
    blinky.o(i.main) refers to blinky.o(.data) for flag
    blinky.o(i.multi_determrps) refers to blinky.o(i.multi_tie) for multi_tie
    blinky.o(i.multi_determrps) refers to blinky.o(i.multi_lose) for multi_lose
    blinky.o(i.multi_determrps) refers to blinky.o(i.multi_win) for multi_win
    blinky.o(i.multi_lose) refers to glcd_spi_lpc1700.o(i.GLCD_Clear) for GLCD_Clear
    blinky.o(i.multi_lose) refers to glcd_spi_lpc1700.o(i.GLCD_SetBackColor) for GLCD_SetBackColor
    blinky.o(i.multi_lose) refers to glcd_spi_lpc1700.o(i.GLCD_SetTextColor) for GLCD_SetTextColor
    blinky.o(i.multi_lose) refers to glcd_spi_lpc1700.o(i.GLCD_DisplayString) for GLCD_DisplayString
    blinky.o(i.multi_lose) refers to kbd.o(i.get_button) for get_button
    blinky.o(i.multi_lose) refers to blinky.o(i.multiplayer) for multiplayer
    blinky.o(i.multi_tie) refers to glcd_spi_lpc1700.o(i.GLCD_Clear) for GLCD_Clear
    blinky.o(i.multi_tie) refers to glcd_spi_lpc1700.o(i.GLCD_SetBackColor) for GLCD_SetBackColor
    blinky.o(i.multi_tie) refers to glcd_spi_lpc1700.o(i.GLCD_SetTextColor) for GLCD_SetTextColor
    blinky.o(i.multi_tie) refers to glcd_spi_lpc1700.o(i.GLCD_DisplayString) for GLCD_DisplayString
    blinky.o(i.multi_tie) refers to kbd.o(i.get_button) for get_button
    blinky.o(i.multi_tie) refers to blinky.o(i.multiplayer) for multiplayer
    blinky.o(i.multi_win) refers to glcd_spi_lpc1700.o(i.GLCD_Clear) for GLCD_Clear
    blinky.o(i.multi_win) refers to glcd_spi_lpc1700.o(i.GLCD_SetBackColor) for GLCD_SetBackColor
    blinky.o(i.multi_win) refers to glcd_spi_lpc1700.o(i.GLCD_SetTextColor) for GLCD_SetTextColor
    blinky.o(i.multi_win) refers to glcd_spi_lpc1700.o(i.GLCD_DisplayString) for GLCD_DisplayString
    blinky.o(i.multi_win) refers to kbd.o(i.get_button) for get_button
    blinky.o(i.multi_win) refers to blinky.o(i.multiplayer) for multiplayer
    blinky.o(i.multiplayer) refers to glcd_spi_lpc1700.o(i.GLCD_Clear) for GLCD_Clear
    blinky.o(i.multiplayer) refers to glcd_spi_lpc1700.o(i.GLCD_SetBackColor) for GLCD_SetBackColor
    blinky.o(i.multiplayer) refers to glcd_spi_lpc1700.o(i.GLCD_SetTextColor) for GLCD_SetTextColor
    blinky.o(i.multiplayer) refers to glcd_spi_lpc1700.o(i.GLCD_DisplayString) for GLCD_DisplayString
    blinky.o(i.multiplayer) refers to glcd_spi_lpc1700.o(i.GLCD_Bitmap) for GLCD_Bitmap
    blinky.o(i.multiplayer) refers to blinky.o(i.win_final_multiplayer) for win_final_multiplayer
    blinky.o(i.multiplayer) refers to kbd.o(i.get_button) for get_button
    blinky.o(i.multiplayer) refers to blinky.o(i.p2_select) for p2_select
    blinky.o(i.multiplayer) refers to game.o(.constdata) for game_img
    blinky.o(i.multiplayer) refers to blinky.o(.data) for bit1
    blinky.o(i.p2_select) refers to glcd_spi_lpc1700.o(i.GLCD_Clear) for GLCD_Clear
    blinky.o(i.p2_select) refers to glcd_spi_lpc1700.o(i.GLCD_SetBackColor) for GLCD_SetBackColor
    blinky.o(i.p2_select) refers to glcd_spi_lpc1700.o(i.GLCD_SetTextColor) for GLCD_SetTextColor
    blinky.o(i.p2_select) refers to glcd_spi_lpc1700.o(i.GLCD_DisplayString) for GLCD_DisplayString
    blinky.o(i.p2_select) refers to glcd_spi_lpc1700.o(i.GLCD_Bitmap) for GLCD_Bitmap
    blinky.o(i.p2_select) refers to kbd.o(i.get_button) for get_button
    blinky.o(i.p2_select) refers to blinky.o(i.multi_determrps) for multi_determrps
    blinky.o(i.p2_select) refers to game.o(.constdata) for game_img
    blinky.o(i.singleplayer) refers to glcd_spi_lpc1700.o(i.GLCD_Clear) for GLCD_Clear
    blinky.o(i.singleplayer) refers to glcd_spi_lpc1700.o(i.GLCD_SetBackColor) for GLCD_SetBackColor
    blinky.o(i.singleplayer) refers to glcd_spi_lpc1700.o(i.GLCD_SetTextColor) for GLCD_SetTextColor
    blinky.o(i.singleplayer) refers to glcd_spi_lpc1700.o(i.GLCD_DisplayString) for GLCD_DisplayString
    blinky.o(i.singleplayer) refers to glcd_spi_lpc1700.o(i.GLCD_Bitmap) for GLCD_Bitmap
    blinky.o(i.singleplayer) refers to blinky.o(i.win_final_singleplayer) for win_final_singleplayer
    blinky.o(i.singleplayer) refers to kbd.o(i.get_button) for get_button
    blinky.o(i.singleplayer) refers to rand.o(.text) for rand
    blinky.o(i.singleplayer) refers to blinky.o(i.determrps) for determrps
    blinky.o(i.singleplayer) refers to game.o(.constdata) for game_img
    blinky.o(i.singleplayer) refers to blinky.o(.data) for bit1
    blinky.o(i.speaker_menu) refers to glcd_spi_lpc1700.o(i.GLCD_Clear) for GLCD_Clear
    blinky.o(i.speaker_menu) refers to glcd_spi_lpc1700.o(i.GLCD_SetBackColor) for GLCD_SetBackColor
    blinky.o(i.speaker_menu) refers to glcd_spi_lpc1700.o(i.GLCD_SetTextColor) for GLCD_SetTextColor
    blinky.o(i.speaker_menu) refers to glcd_spi_lpc1700.o(i.GLCD_DisplayString) for GLCD_DisplayString
    blinky.o(i.speaker_menu) refers to usbdmain.o(i.audio) for audio
    blinky.o(i.speaker_menu) refers to kbd.o(i.get_button) for get_button
    blinky.o(i.speaker_menu) refers to blinky.o(i.main) for main
    blinky.o(i.tie) refers to glcd_spi_lpc1700.o(i.GLCD_Clear) for GLCD_Clear
    blinky.o(i.tie) refers to glcd_spi_lpc1700.o(i.GLCD_SetBackColor) for GLCD_SetBackColor
    blinky.o(i.tie) refers to glcd_spi_lpc1700.o(i.GLCD_SetTextColor) for GLCD_SetTextColor
    blinky.o(i.tie) refers to glcd_spi_lpc1700.o(i.GLCD_DisplayString) for GLCD_DisplayString
    blinky.o(i.tie) refers to kbd.o(i.get_button) for get_button
    blinky.o(i.tie) refers to blinky.o(i.singleplayer) for singleplayer
    blinky.o(i.win) refers to glcd_spi_lpc1700.o(i.GLCD_Clear) for GLCD_Clear
    blinky.o(i.win) refers to glcd_spi_lpc1700.o(i.GLCD_SetBackColor) for GLCD_SetBackColor
    blinky.o(i.win) refers to glcd_spi_lpc1700.o(i.GLCD_SetTextColor) for GLCD_SetTextColor
    blinky.o(i.win) refers to glcd_spi_lpc1700.o(i.GLCD_DisplayString) for GLCD_DisplayString
    blinky.o(i.win) refers to kbd.o(i.get_button) for get_button
    blinky.o(i.win) refers to blinky.o(i.singleplayer) for singleplayer
    blinky.o(i.win_final_multiplayer) refers to glcd_spi_lpc1700.o(i.GLCD_SetBackColor) for GLCD_SetBackColor
    blinky.o(i.win_final_multiplayer) refers to glcd_spi_lpc1700.o(i.GLCD_SetTextColor) for GLCD_SetTextColor
    blinky.o(i.win_final_multiplayer) refers to glcd_spi_lpc1700.o(i.GLCD_DisplayString) for GLCD_DisplayString
    blinky.o(i.win_final_multiplayer) refers to kbd.o(i.get_button) for get_button
    blinky.o(i.win_final_multiplayer) refers to blinky.o(i.game_menu) for game_menu
    blinky.o(i.win_final_multiplayer) refers to blinky.o(.data) for bit1
    blinky.o(i.win_final_singleplayer) refers to glcd_spi_lpc1700.o(i.GLCD_SetBackColor) for GLCD_SetBackColor
    blinky.o(i.win_final_singleplayer) refers to glcd_spi_lpc1700.o(i.GLCD_SetTextColor) for GLCD_SetTextColor
    blinky.o(i.win_final_singleplayer) refers to glcd_spi_lpc1700.o(i.GLCD_DisplayString) for GLCD_DisplayString
    blinky.o(i.win_final_singleplayer) refers to kbd.o(i.get_button) for get_button
    blinky.o(i.win_final_singleplayer) refers to blinky.o(i.game_menu) for game_menu
    blinky.o(i.win_final_singleplayer) refers to blinky.o(.data) for bit1
    irq.o(i.SysTick_Handler) refers to irq.o(.data) for ticks
    glcd_spi_lpc1700.o(i.GLCD_Bargraph) refers to glcd_spi_lpc1700.o(i.GLCD_SetWindow) for GLCD_SetWindow
    glcd_spi_lpc1700.o(i.GLCD_Bargraph) refers to glcd_spi_lpc1700.o(i.wr_cmd) for wr_cmd
    glcd_spi_lpc1700.o(i.GLCD_Bargraph) refers to glcd_spi_lpc1700.o(i.wr_dat_start) for wr_dat_start
    glcd_spi_lpc1700.o(i.GLCD_Bargraph) refers to glcd_spi_lpc1700.o(i.wr_dat_only) for wr_dat_only
    glcd_spi_lpc1700.o(i.GLCD_Bargraph) refers to glcd_spi_lpc1700.o(i.wr_dat_stop) for wr_dat_stop
    glcd_spi_lpc1700.o(i.GLCD_Bargraph) refers to glcd_spi_lpc1700.o(.data) for Color
    glcd_spi_lpc1700.o(i.GLCD_Bitmap) refers to glcd_spi_lpc1700.o(i.GLCD_SetWindow) for GLCD_SetWindow
    glcd_spi_lpc1700.o(i.GLCD_Bitmap) refers to glcd_spi_lpc1700.o(i.wr_cmd) for wr_cmd
    glcd_spi_lpc1700.o(i.GLCD_Bitmap) refers to glcd_spi_lpc1700.o(i.wr_dat_start) for wr_dat_start
    glcd_spi_lpc1700.o(i.GLCD_Bitmap) refers to glcd_spi_lpc1700.o(i.wr_dat_only) for wr_dat_only
    glcd_spi_lpc1700.o(i.GLCD_Bitmap) refers to glcd_spi_lpc1700.o(i.wr_dat_stop) for wr_dat_stop
    glcd_spi_lpc1700.o(i.GLCD_Clear) refers to glcd_spi_lpc1700.o(i.GLCD_WindowMax) for GLCD_WindowMax
    glcd_spi_lpc1700.o(i.GLCD_Clear) refers to glcd_spi_lpc1700.o(i.wr_cmd) for wr_cmd
    glcd_spi_lpc1700.o(i.GLCD_Clear) refers to glcd_spi_lpc1700.o(i.wr_dat_start) for wr_dat_start
    glcd_spi_lpc1700.o(i.GLCD_Clear) refers to glcd_spi_lpc1700.o(i.wr_dat_only) for wr_dat_only
    glcd_spi_lpc1700.o(i.GLCD_Clear) refers to glcd_spi_lpc1700.o(i.wr_dat_stop) for wr_dat_stop
    glcd_spi_lpc1700.o(i.GLCD_ClearLn) refers to glcd_spi_lpc1700.o(i.GLCD_WindowMax) for GLCD_WindowMax
    glcd_spi_lpc1700.o(i.GLCD_ClearLn) refers to glcd_spi_lpc1700.o(i.GLCD_DisplayString) for GLCD_DisplayString
    glcd_spi_lpc1700.o(i.GLCD_DisplayChar) refers to glcd_spi_lpc1700.o(i.GLCD_DrawChar) for GLCD_DrawChar
    glcd_spi_lpc1700.o(i.GLCD_DisplayChar) refers to glcd_spi_lpc1700.o(.constdata) for Font_6x8_h
    glcd_spi_lpc1700.o(i.GLCD_DisplayString) refers to glcd_spi_lpc1700.o(i.GLCD_DisplayChar) for GLCD_DisplayChar
    glcd_spi_lpc1700.o(i.GLCD_DrawChar) refers to glcd_spi_lpc1700.o(i.GLCD_SetWindow) for GLCD_SetWindow
    glcd_spi_lpc1700.o(i.GLCD_DrawChar) refers to glcd_spi_lpc1700.o(i.wr_cmd) for wr_cmd
    glcd_spi_lpc1700.o(i.GLCD_DrawChar) refers to glcd_spi_lpc1700.o(i.wr_dat_start) for wr_dat_start
    glcd_spi_lpc1700.o(i.GLCD_DrawChar) refers to glcd_spi_lpc1700.o(i.wr_dat_only) for wr_dat_only
    glcd_spi_lpc1700.o(i.GLCD_DrawChar) refers to glcd_spi_lpc1700.o(i.wr_dat_stop) for wr_dat_stop
    glcd_spi_lpc1700.o(i.GLCD_DrawChar) refers to glcd_spi_lpc1700.o(.data) for Color
    glcd_spi_lpc1700.o(i.GLCD_Init) refers to glcd_spi_lpc1700.o(i.rd_id_man) for rd_id_man
    glcd_spi_lpc1700.o(i.GLCD_Init) refers to glcd_spi_lpc1700.o(i.rd_reg) for rd_reg
    glcd_spi_lpc1700.o(i.GLCD_Init) refers to glcd_spi_lpc1700.o(i.wr_reg) for wr_reg
    glcd_spi_lpc1700.o(i.GLCD_Init) refers to glcd_spi_lpc1700.o(i.delay) for delay
    glcd_spi_lpc1700.o(i.GLCD_Init) refers to glcd_spi_lpc1700.o(.data) for Himax
    glcd_spi_lpc1700.o(i.GLCD_PutPixel) refers to glcd_spi_lpc1700.o(i.wr_reg) for wr_reg
    glcd_spi_lpc1700.o(i.GLCD_PutPixel) refers to glcd_spi_lpc1700.o(i.wr_cmd) for wr_cmd
    glcd_spi_lpc1700.o(i.GLCD_PutPixel) refers to glcd_spi_lpc1700.o(i.wr_dat) for wr_dat
    glcd_spi_lpc1700.o(i.GLCD_PutPixel) refers to glcd_spi_lpc1700.o(.data) for Himax
    glcd_spi_lpc1700.o(i.GLCD_SetBackColor) refers to glcd_spi_lpc1700.o(.data) for Color
    glcd_spi_lpc1700.o(i.GLCD_SetTextColor) refers to glcd_spi_lpc1700.o(.data) for Color
    glcd_spi_lpc1700.o(i.GLCD_SetWindow) refers to glcd_spi_lpc1700.o(i.wr_reg) for wr_reg
    glcd_spi_lpc1700.o(i.GLCD_SetWindow) refers to glcd_spi_lpc1700.o(.data) for Himax
    glcd_spi_lpc1700.o(i.GLCD_WindowMax) refers to glcd_spi_lpc1700.o(i.GLCD_SetWindow) for GLCD_SetWindow
    glcd_spi_lpc1700.o(i.GLCD_WrCmd) refers to glcd_spi_lpc1700.o(i.wr_cmd) for wr_cmd
    glcd_spi_lpc1700.o(i.GLCD_WrReg) refers to glcd_spi_lpc1700.o(i.wr_reg) for wr_reg
    glcd_spi_lpc1700.o(i.rd_id_man) refers to glcd_spi_lpc1700.o(i.spi_tran_man) for spi_tran_man
    glcd_spi_lpc1700.o(i.rd_reg) refers to glcd_spi_lpc1700.o(i.wr_cmd) for wr_cmd
    glcd_spi_lpc1700.o(i.rd_reg) refers to glcd_spi_lpc1700.o(i.spi_tran) for spi_tran
    glcd_spi_lpc1700.o(i.spi_tran_man) refers to glcd_spi_lpc1700.o(i.delay) for delay
    glcd_spi_lpc1700.o(i.wr_cmd) refers to glcd_spi_lpc1700.o(i.spi_tran) for spi_tran
    glcd_spi_lpc1700.o(i.wr_dat) refers to glcd_spi_lpc1700.o(i.spi_tran) for spi_tran
    glcd_spi_lpc1700.o(i.wr_dat_only) refers to glcd_spi_lpc1700.o(i.spi_tran) for spi_tran
    glcd_spi_lpc1700.o(i.wr_dat_start) refers to glcd_spi_lpc1700.o(i.spi_tran) for spi_tran
    glcd_spi_lpc1700.o(i.wr_reg) refers to glcd_spi_lpc1700.o(i.wr_cmd) for wr_cmd
    glcd_spi_lpc1700.o(i.wr_reg) refers to glcd_spi_lpc1700.o(i.wr_dat) for wr_dat
    led.o(i.LED_Off) refers to led.o(.constdata) for led_mask
    led.o(i.LED_On) refers to led.o(.constdata) for led_mask
    led.o(i.LED_Out) refers to led.o(i.LED_On) for LED_On
    led.o(i.LED_Out) refers to led.o(i.LED_Off) for LED_Off
    kbd.o(i.get_button) refers to kbd.o(i.KBD_get) for KBD_get
    adcuser.o(i.ADC_IF_GetRequest) refers to usbcore.o(.data) for SetupPacket
    adcuser.o(i.ADC_IF_GetRequest) refers to usbdmain.o(.data) for Mute
    adcuser.o(i.ADC_IF_GetRequest) refers to usbcore.o(.bss) for EP0Buf
    adcuser.o(i.ADC_IF_GetRequest) refers to adcuser.o(.data) for VolCur
    adcuser.o(i.ADC_IF_SetRequest) refers to usbcore.o(.data) for SetupPacket
    adcuser.o(i.ADC_IF_SetRequest) refers to usbcore.o(.bss) for EP0Buf
    adcuser.o(i.ADC_IF_SetRequest) refers to usbdmain.o(.data) for Mute
    adcuser.o(i.ADC_IF_SetRequest) refers to adcuser.o(.data) for VolCur
    usbcore.o(i.USB_DataInStage) refers to usbhw.o(i.USB_WriteEP) for USB_WriteEP
    usbcore.o(i.USB_DataInStage) refers to usbcore.o(.data) for EP0Data
    usbcore.o(i.USB_DataOutStage) refers to usbhw.o(i.USB_ReadEP) for USB_ReadEP
    usbcore.o(i.USB_DataOutStage) refers to usbcore.o(.data) for EP0Data
    usbcore.o(i.USB_EndPoint0) refers to usbcore.o(i.USB_SetupStage) for USB_SetupStage
    usbcore.o(i.USB_EndPoint0) refers to usbhw.o(i.USB_DirCtrlEP) for USB_DirCtrlEP
    usbcore.o(i.USB_EndPoint0) refers to usbcore.o(i.USB_ReqGetStatus) for USB_ReqGetStatus
    usbcore.o(i.USB_EndPoint0) refers to usbcore.o(i.USB_DataInStage) for USB_DataInStage
    usbcore.o(i.USB_EndPoint0) refers to usbcore.o(i.USB_ReqSetClrFeature) for USB_ReqSetClrFeature
    usbcore.o(i.USB_EndPoint0) refers to usbcore.o(i.USB_StatusInStage) for USB_StatusInStage
    usbcore.o(i.USB_EndPoint0) refers to usbcore.o(i.USB_ReqGetDescriptor) for USB_ReqGetDescriptor
    usbcore.o(i.USB_EndPoint0) refers to usbhw.o(i.USB_SetStallEP) for USB_SetStallEP
    usbcore.o(i.USB_EndPoint0) refers to usbcore.o(i.USB_ReqSetConfiguration) for USB_ReqSetConfiguration
    usbcore.o(i.USB_EndPoint0) refers to usbcore.o(i.USB_ReqSetInterface) for USB_ReqSetInterface
    usbcore.o(i.USB_EndPoint0) refers to adcuser.o(i.ADC_IF_GetRequest) for ADC_IF_GetRequest
    usbcore.o(i.USB_EndPoint0) refers to adcuser.o(i.ADC_EP_GetRequest) for ADC_EP_GetRequest
    usbcore.o(i.USB_EndPoint0) refers to usbcore.o(i.USB_DataOutStage) for USB_DataOutStage
    usbcore.o(i.USB_EndPoint0) refers to adcuser.o(i.ADC_IF_SetRequest) for ADC_IF_SetRequest
    usbcore.o(i.USB_EndPoint0) refers to adcuser.o(i.ADC_EP_SetRequest) for ADC_EP_SetRequest
    usbcore.o(i.USB_EndPoint0) refers to usbcore.o(i.USB_StatusOutStage) for USB_StatusOutStage
    usbcore.o(i.USB_EndPoint0) refers to usbhw.o(i.USB_SetAddress) for USB_SetAddress
    usbcore.o(i.USB_EndPoint0) refers to usbhw.o(i.USB_ClrStallEP) for USB_ClrStallEP
    usbcore.o(i.USB_EndPoint0) refers to usbcore.o(.data) for SetupPacket
    usbcore.o(i.USB_EndPoint0) refers to usbcore.o(.bss) for EP0Buf
    usbcore.o(i.USB_ResetCore) refers to usbcore.o(.data) for USB_DeviceStatus
    usbcore.o(i.USB_SetupStage) refers to usbhw.o(i.USB_ReadEP) for USB_ReadEP
    usbcore.o(i.USB_SetupStage) refers to usbcore.o(.data) for SetupPacket
    usbcore.o(i.USB_StatusInStage) refers to usbhw.o(i.USB_WriteEP) for USB_WriteEP
    usbcore.o(i.USB_StatusOutStage) refers to usbhw.o(i.USB_ReadEP) for USB_ReadEP
    usbcore.o(i.USB_StatusOutStage) refers to usbcore.o(.bss) for EP0Buf
    usbdmain.o(i.TIMER0_IRQHandler) refers to kbd.o(i.get_button) for get_button
    usbdmain.o(i.TIMER0_IRQHandler) refers to usbhw.o(i.USB_Connect) for USB_Connect
    usbdmain.o(i.TIMER0_IRQHandler) refers to blinky.o(i.main) for main
    usbdmain.o(i.TIMER0_IRQHandler) refers to usbdmain.o(i.get_potval) for get_potval
    usbdmain.o(i.TIMER0_IRQHandler) refers to usbdmain.o(.data) for js_sp
    usbdmain.o(i.TIMER0_IRQHandler) refers to adcuser.o(.data) for VolCur
    usbdmain.o(i.audio) refers to system_lpc17xx.o(i.SystemClockUpdate) for SystemClockUpdate
    usbdmain.o(i.audio) refers to usbhw.o(i.USB_Init) for USB_Init
    usbdmain.o(i.audio) refers to usbhw.o(i.USB_Connect) for USB_Connect
    usbdmain.o(i.audio) refers to system_lpc17xx.o(.data) for SystemFrequency
    usbdmain.o(i.get_potval) refers to usbdmain.o(.data) for PotVal
    usbhw.o(i.USB_ClearEPBuf) refers to usbhw.o(i.WrCmdEP) for WrCmdEP
    usbhw.o(i.USB_ClrStallEP) refers to usbhw.o(i.EPAdr) for EPAdr
    usbhw.o(i.USB_ClrStallEP) refers to usbhw.o(i.WrCmdDat) for WrCmdDat
    usbhw.o(i.USB_ConfigEP) refers to usbhw.o(i.EPAdr) for EPAdr
    usbhw.o(i.USB_Configure) refers to usbhw.o(i.WrCmdDat) for WrCmdDat
    usbhw.o(i.USB_Connect) refers to usbhw.o(i.WrCmdDat) for WrCmdDat
    usbhw.o(i.USB_DMA_BufAdr) refers to usbhw.o(i.EPAdr) for EPAdr
    usbhw.o(i.USB_DMA_BufAdr) refers to usbhw.o(USB_RAM) for UDCA
    usbhw.o(i.USB_DMA_BufCnt) refers to usbhw.o(i.EPAdr) for EPAdr
    usbhw.o(i.USB_DMA_BufCnt) refers to usbhw.o(USB_RAM) for UDCA
    usbhw.o(i.USB_DMA_Disable) refers to usbhw.o(i.EPAdr) for EPAdr
    usbhw.o(i.USB_DMA_Enable) refers to usbhw.o(i.EPAdr) for EPAdr
    usbhw.o(i.USB_DMA_Setup) refers to usbhw.o(i.EPAdr) for EPAdr
    usbhw.o(i.USB_DMA_Setup) refers to usbhw.o(.bss) for udca
    usbhw.o(i.USB_DMA_Setup) refers to usbhw.o(.constdata) for DDAdr
    usbhw.o(i.USB_DMA_Setup) refers to usbhw.o(.data) for DDMemMap
    usbhw.o(i.USB_DMA_Setup) refers to usbhw.o(USB_RAM) for UDCA
    usbhw.o(i.USB_DMA_Status) refers to usbhw.o(i.EPAdr) for EPAdr
    usbhw.o(i.USB_DMA_Status) refers to usbhw.o(USB_RAM) for UDCA
    usbhw.o(i.USB_DisableEP) refers to usbhw.o(i.EPAdr) for EPAdr
    usbhw.o(i.USB_DisableEP) refers to usbhw.o(i.WrCmdDat) for WrCmdDat
    usbhw.o(i.USB_EnableEP) refers to usbhw.o(i.EPAdr) for EPAdr
    usbhw.o(i.USB_EnableEP) refers to usbhw.o(i.WrCmdDat) for WrCmdDat
    usbhw.o(i.USB_GetFrame) refers to usbhw.o(i.WrCmd) for WrCmd
    usbhw.o(i.USB_GetFrame) refers to usbhw.o(i.RdCmdDat) for RdCmdDat
    usbhw.o(i.USB_IRQHandler) refers to usbhw.o(i.WrCmd) for WrCmd
    usbhw.o(i.USB_IRQHandler) refers to usbhw.o(i.RdCmdDat) for RdCmdDat
    usbhw.o(i.USB_IRQHandler) refers to usbhw.o(i.USB_Reset) for USB_Reset
    usbhw.o(i.USB_IRQHandler) refers to usbuser.o(i.USB_Reset_Event) for USB_Reset_Event
    usbhw.o(i.USB_IRQHandler) refers to usbhw.o(i.USB_Suspend) for USB_Suspend
    usbhw.o(i.USB_IRQHandler) refers to usbhw.o(i.USB_Resume) for USB_Resume
    usbhw.o(i.USB_IRQHandler) refers to usbuser.o(i.USB_SOF_Event) for USB_SOF_Event
    usbhw.o(i.USB_IRQHandler) refers to usbuser.o(.constdata) for USB_P_EP
    usbhw.o(i.USB_Init) refers to usbhw.o(i.USB_Reset) for USB_Reset
    usbhw.o(i.USB_Init) refers to usbhw.o(i.USB_SetAddress) for USB_SetAddress
    usbhw.o(i.USB_ReadEP) refers to usbhw.o(i.WrCmdEP) for WrCmdEP
    usbhw.o(i.USB_Reset) refers to usbhw.o(.data) for DDMemMap
    usbhw.o(i.USB_Reset) refers to usbhw.o(.bss) for udca
    usbhw.o(i.USB_Reset) refers to usbhw.o(USB_RAM) for UDCA
    usbhw.o(i.USB_ResetEP) refers to usbhw.o(i.EPAdr) for EPAdr
    usbhw.o(i.USB_ResetEP) refers to usbhw.o(i.WrCmdDat) for WrCmdDat
    usbhw.o(i.USB_SetAddress) refers to usbhw.o(i.WrCmdDat) for WrCmdDat
    usbhw.o(i.USB_SetStallEP) refers to usbhw.o(i.EPAdr) for EPAdr
    usbhw.o(i.USB_SetStallEP) refers to usbhw.o(i.WrCmdDat) for WrCmdDat
    usbhw.o(i.USB_WakeUp) refers to usbhw.o(i.WrCmdDat) for WrCmdDat
    usbhw.o(i.USB_WakeUp) refers to usbcore.o(.data) for USB_DeviceStatus
    usbhw.o(i.USB_WriteEP) refers to usbhw.o(i.WrCmdEP) for WrCmdEP
    usbhw.o(i.WrCmdEP) refers to usbhw.o(i.EPAdr) for EPAdr
    usbuser.o(i.USB_EndPoint3) refers to usbhw.o(i.USB_DMA_BufAdr) for USB_DMA_BufAdr
    usbuser.o(i.USB_EndPoint3) refers to usbhw.o(i.USB_DMA_Setup) for USB_DMA_Setup
    usbuser.o(i.USB_EndPoint3) refers to usbhw.o(i.USB_DMA_Enable) for USB_DMA_Enable
    usbuser.o(i.USB_EndPoint3) refers to usbdmain.o(.data) for DataBuf
    usbuser.o(i.USB_Reset_Event) refers to usbcore.o(i.USB_ResetCore) for USB_ResetCore
    usbuser.o(.constdata) refers to usbcore.o(i.USB_EndPoint0) for USB_EndPoint0
    usbuser.o(.constdata) refers to usbuser.o(i.USB_EndPoint3) for USB_EndPoint3
    startup_lpc17xx.o(RESET) refers to startup_lpc17xx.o(STACK) for __initial_sp
    startup_lpc17xx.o(RESET) refers to startup_lpc17xx.o(.text) for Reset_Handler
    startup_lpc17xx.o(RESET) refers to irq.o(i.SysTick_Handler) for SysTick_Handler
    startup_lpc17xx.o(RESET) refers to usbdmain.o(i.TIMER0_IRQHandler) for TIMER0_IRQHandler
    startup_lpc17xx.o(RESET) refers to usbhw.o(i.USB_IRQHandler) for USB_IRQHandler
    startup_lpc17xx.o(.text) refers to system_lpc17xx.o(i.SystemInit) for SystemInit
    startup_lpc17xx.o(.text) refers to entry.o(.ARM.Collect$$$$00000000) for __main
    system_lpc17xx.o(i.SystemClockUpdate) refers to system_lpc17xx.o(.data) for SystemFrequency
    system_lpc17xx.o(i.SystemCoreClockUpdate) refers to uldiv.o(.text) for __aeabi_uldivmod
    system_lpc17xx.o(i.SystemCoreClockUpdate) refers to system_lpc17xx.o(.data) for SystemCoreClock
    entry.o(.ARM.Collect$$$$00000000) refers (Special) to entry10a.o(.ARM.Collect$$$$0000000D) for __rt_final_cpp
    entry.o(.ARM.Collect$$$$00000000) refers (Special) to entry11a.o(.ARM.Collect$$$$0000000F) for __rt_final_exit
    entry.o(.ARM.Collect$$$$00000000) refers (Special) to entry7b.o(.ARM.Collect$$$$00000008) for _main_clock
    entry.o(.ARM.Collect$$$$00000000) refers (Special) to entry8b.o(.ARM.Collect$$$$0000000A) for _main_cpp_init
    entry.o(.ARM.Collect$$$$00000000) refers (Special) to entry9a.o(.ARM.Collect$$$$0000000B) for _main_init
    entry.o(.ARM.Collect$$$$00000000) refers (Special) to entry5.o(.ARM.Collect$$$$00000004) for _main_scatterload
    entry.o(.ARM.Collect$$$$00000000) refers (Special) to entry2.o(.ARM.Collect$$$$00000001) for _main_stk
    uldiv.o(.text) refers to llushr.o(.text) for __aeabi_llsr
    uldiv.o(.text) refers to llshl.o(.text) for __aeabi_llsl
    rand.o(.text) refers to rand.o(.data) for .data
    entry2.o(.ARM.Collect$$$$00000001) refers to entry2.o(.ARM.Collect$$$$00002712) for __lit__00000000
    entry2.o(.ARM.Collect$$$$00002712) refers to startup_lpc17xx.o(STACK) for __initial_sp
    entry2.o(__vectab_stack_and_reset_area) refers to startup_lpc17xx.o(STACK) for __initial_sp
    entry2.o(__vectab_stack_and_reset_area) refers to entry.o(.ARM.Collect$$$$00000000) for __main
    entry5.o(.ARM.Collect$$$$00000004) refers to init.o(.text) for __scatterload
    entry9a.o(.ARM.Collect$$$$0000000B) refers to blinky.o(i.main) for main
    entry9b.o(.ARM.Collect$$$$0000000C) refers to blinky.o(i.main) for main
    init.o(.text) refers to entry5.o(.ARM.Collect$$$$00000004) for __main_after_scatterload
    usbcore.o(i.USB_ReqGetStatus) refers to usbcore.o(.data) for SetupPacket
    usbcore.o(i.USB_ReqGetStatus) refers to usbcore.o(.bss) for EP0Buf
    usbcore.o(i.USB_ReqSetClrFeature) refers to usbhw.o(i.USB_WakeUpCfg) for USB_WakeUpCfg
    usbcore.o(i.USB_ReqSetClrFeature) refers to usbhw.o(i.USB_SetStallEP) for USB_SetStallEP
    usbcore.o(i.USB_ReqSetClrFeature) refers to usbhw.o(i.USB_ClrStallEP) for USB_ClrStallEP
    usbcore.o(i.USB_ReqSetClrFeature) refers to usbcore.o(.data) for SetupPacket
    usbcore.o(i.USB_ReqGetDescriptor) refers to usbcore.o(.data) for SetupPacket
    usbcore.o(i.USB_ReqGetDescriptor) refers to usbdesc.o(.constdata) for USB_DeviceDescriptor
    usbcore.o(i.USB_ReqSetConfiguration) refers to usbhw.o(i.USB_DisableEP) for USB_DisableEP
    usbcore.o(i.USB_ReqSetConfiguration) refers to usbhw.o(i.USB_Configure) for USB_Configure
    usbcore.o(i.USB_ReqSetConfiguration) refers to usbhw.o(i.USB_ConfigEP) for USB_ConfigEP
    usbcore.o(i.USB_ReqSetConfiguration) refers to usbhw.o(i.USB_EnableEP) for USB_EnableEP
    usbcore.o(i.USB_ReqSetConfiguration) refers to usbhw.o(i.USB_ResetEP) for USB_ResetEP
    usbcore.o(i.USB_ReqSetConfiguration) refers to usbcore.o(.data) for SetupPacket
    usbcore.o(i.USB_ReqSetConfiguration) refers to usbdesc.o(.constdata) for USB_ConfigDescriptor
    usbcore.o(i.USB_ReqSetInterface) refers to usbhw.o(i.USB_ConfigEP) for USB_ConfigEP
    usbcore.o(i.USB_ReqSetInterface) refers to usbhw.o(i.USB_EnableEP) for USB_EnableEP
    usbcore.o(i.USB_ReqSetInterface) refers to usbhw.o(i.USB_ResetEP) for USB_ResetEP
    usbcore.o(i.USB_ReqSetInterface) refers to usbhw.o(i.USB_DisableEP) for USB_DisableEP
    usbcore.o(i.USB_ReqSetInterface) refers to usbcore.o(.data) for SetupPacket
    usbcore.o(i.USB_ReqSetInterface) refers to usbdesc.o(.constdata) for USB_ConfigDescriptor


==============================================================================

Removing Unused input sections from the image.

    Removing core_cm3.o(.emb_text), (32 bytes).
    Removing glcd_spi_lpc1700.o(i.GLCD_Bargraph), (104 bytes).
    Removing glcd_spi_lpc1700.o(i.GLCD_ClearLn), (94 bytes).
    Removing glcd_spi_lpc1700.o(i.GLCD_PutPixel), (128 bytes).
    Removing glcd_spi_lpc1700.o(i.GLCD_ScrollVertical), (2 bytes).
    Removing glcd_spi_lpc1700.o(i.GLCD_WrCmd), (12 bytes).
    Removing glcd_spi_lpc1700.o(i.GLCD_WrReg), (16 bytes).
    Removing led.o(i.LED_Off), (48 bytes).
    Removing led.o(i.LED_On), (48 bytes).
    Removing led.o(i.LED_Out), (38 bytes).
    Removing led.o(.constdata), (32 bytes).
    Removing kbd.o(i.KBD_Init), (60 bytes).
    Removing kbd.o(.data), (4 bytes).
    Removing adcuser.o(.constdata), (6 bytes).
    Removing usbhw.o(i.USB_ClearEPBuf), (20 bytes).
    Removing usbhw.o(i.USB_DMA_BufCnt), (36 bytes).
    Removing usbhw.o(i.USB_DMA_Disable), (24 bytes).
    Removing usbhw.o(i.USB_DMA_Status), (80 bytes).
    Removing usbhw.o(i.USB_GetFrame), (40 bytes).
    Removing usbhw.o(i.USB_WakeUp), (36 bytes).
    Removing usbuser.o(i.USB_EndPoint1), (2 bytes).
    Removing usbuser.o(i.USB_EndPoint10), (2 bytes).
    Removing usbuser.o(i.USB_EndPoint11), (2 bytes).
    Removing usbuser.o(i.USB_EndPoint12), (2 bytes).
    Removing usbuser.o(i.USB_EndPoint13), (2 bytes).
    Removing usbuser.o(i.USB_EndPoint14), (2 bytes).
    Removing usbuser.o(i.USB_EndPoint15), (2 bytes).
    Removing usbuser.o(i.USB_EndPoint2), (2 bytes).
    Removing usbuser.o(i.USB_EndPoint4), (2 bytes).
    Removing usbuser.o(i.USB_EndPoint5), (2 bytes).
    Removing usbuser.o(i.USB_EndPoint6), (2 bytes).
    Removing usbuser.o(i.USB_EndPoint7), (2 bytes).
    Removing usbuser.o(i.USB_EndPoint8), (2 bytes).
    Removing usbuser.o(i.USB_EndPoint9), (2 bytes).
    Removing arm_ani_16bpp.o(.constdata), (108000 bytes).
    Removing bg_16bpp_b.o(.constdata), (44230 bytes).
    Removing bg_16bpp_l.o(.data), (886 bytes).
    Removing bg_16bpp_r.o(.constdata), (886 bytes).
    Removing bg_16bpp_t.o(.constdata), (44230 bytes).
    Removing startup_lpc17xx.o(HEAP), (0 bytes).
    Removing system_lpc17xx.o(i.SystemCoreClockUpdate), (424 bytes).

41 unused section(s) (total 199544 bytes) removed from the image.

==============================================================================

Image Symbol Table

    Local Symbols

    Symbol Name                              Value     Ov Type        Size  Object(Section)

    RESET                                    0x00000000   Section      204  startup_lpc17xx.o(RESET)
    ../clib/microlib/division.c              0x00000000   Number         0  uldiv.o ABSOLUTE
    ../clib/microlib/init/entry.s            0x00000000   Number         0  entry8a.o ABSOLUTE
    ../clib/microlib/init/entry.s            0x00000000   Number         0  entry.o ABSOLUTE
    ../clib/microlib/init/entry.s            0x00000000   Number         0  entry11b.o ABSOLUTE
    ../clib/microlib/init/entry.s            0x00000000   Number         0  entry8b.o ABSOLUTE
    ../clib/microlib/init/entry.s            0x00000000   Number         0  entry11a.o ABSOLUTE
    ../clib/microlib/init/entry.s            0x00000000   Number         0  entry7b.o ABSOLUTE
    ../clib/microlib/init/entry.s            0x00000000   Number         0  entry7a.o ABSOLUTE
    ../clib/microlib/init/entry.s            0x00000000   Number         0  entry5.o ABSOLUTE
    ../clib/microlib/init/entry.s            0x00000000   Number         0  entry9b.o ABSOLUTE
    ../clib/microlib/init/entry.s            0x00000000   Number         0  entry2.o ABSOLUTE
    ../clib/microlib/init/entry.s            0x00000000   Number         0  entry10b.o ABSOLUTE
    ../clib/microlib/init/entry.s            0x00000000   Number         0  entry9a.o ABSOLUTE
    ../clib/microlib/init/entry.s            0x00000000   Number         0  entry10a.o ABSOLUTE
    ../clib/microlib/longlong.c              0x00000000   Number         0  llshl.o ABSOLUTE
    ../clib/microlib/longlong.c              0x00000000   Number         0  llushr.o ABSOLUTE
    ../clib/microlib/stdlib/rand.c           0x00000000   Number         0  rand.o ABSOLUTE
    ARM_Ani_16bpp.c                          0x00000000   Number         0  arm_ani_16bpp.o ABSOLUTE
    Bg_16bpp_b.c                             0x00000000   Number         0  bg_16bpp_b.o ABSOLUTE
    Bg_16bpp_l.c                             0x00000000   Number         0  bg_16bpp_l.o ABSOLUTE
    Bg_16bpp_r.c                             0x00000000   Number         0  bg_16bpp_r.o ABSOLUTE
    Bg_16bpp_t.c                             0x00000000   Number         0  bg_16bpp_t.o ABSOLUTE
    Blinky.c                                 0x00000000   Number         0  blinky.o ABSOLUTE
    GLCD_SPI_LPC1700.c                       0x00000000   Number         0  glcd_spi_lpc1700.o ABSOLUTE
    IRQ.c                                    0x00000000   Number         0  irq.o ABSOLUTE
    KBD.c                                    0x00000000   Number         0  kbd.o ABSOLUTE
    LED.c                                    0x00000000   Number         0  led.o ABSOLUTE
    adcuser.c                                0x00000000   Number         0  adcuser.o ABSOLUTE
    core_cm3.c                               0x00000000   Number         0  core_cm3.o ABSOLUTE
    core_cm3.c                               0x00000000   Number         0  core_cm3.o ABSOLUTE
    dc.s                                     0x00000000   Number         0  dc.o ABSOLUTE
    game.c                                   0x00000000   Number         0  game.o ABSOLUTE
    handlers.s                               0x00000000   Number         0  handlers.o ABSOLUTE
    img1.c                                   0x00000000   Number         0  img1.o ABSOLUTE
    img2.c                                   0x00000000   Number         0  img2.o ABSOLUTE
    img3.c                                   0x00000000   Number         0  img3.o ABSOLUTE
    init.s                                   0x00000000   Number         0  init.o ABSOLUTE
    startup_LPC17xx.s                        0x00000000   Number         0  startup_lpc17xx.o ABSOLUTE
    system_LPC17xx.c                         0x00000000   Number         0  system_lpc17xx.o ABSOLUTE
    usbcore.c                                0x00000000   Number         0  usbcore.o ABSOLUTE
    usbdesc.c                                0x00000000   Number         0  usbdesc.o ABSOLUTE
    usbdmain.c                               0x00000000   Number         0  usbdmain.o ABSOLUTE
    usbhw.c                                  0x00000000   Number         0  usbhw.o ABSOLUTE
    usbuser.c                                0x00000000   Number         0  usbuser.o ABSOLUTE
    .ARM.Collect$$$$00000000                 0x000000cc   Section        0  entry.o(.ARM.Collect$$$$00000000)
    .ARM.Collect$$$$00000001                 0x000000cc   Section        4  entry2.o(.ARM.Collect$$$$00000001)
    .ARM.Collect$$$$00000004                 0x000000d0   Section        4  entry5.o(.ARM.Collect$$$$00000004)
    .ARM.Collect$$$$00000008                 0x000000d4   Section        0  entry7b.o(.ARM.Collect$$$$00000008)
    .ARM.Collect$$$$0000000A                 0x000000d4   Section        0  entry8b.o(.ARM.Collect$$$$0000000A)
    .ARM.Collect$$$$0000000B                 0x000000d4   Section        8  entry9a.o(.ARM.Collect$$$$0000000B)
    .ARM.Collect$$$$0000000D                 0x000000dc   Section        0  entry10a.o(.ARM.Collect$$$$0000000D)
    .ARM.Collect$$$$0000000F                 0x000000dc   Section        0  entry11a.o(.ARM.Collect$$$$0000000F)
    .ARM.Collect$$$$00002712                 0x000000dc   Section        4  entry2.o(.ARM.Collect$$$$00002712)
    __lit__00000000                          0x000000dc   Data           4  entry2.o(.ARM.Collect$$$$00002712)
    .text                                    0x000000e0   Section       36  startup_lpc17xx.o(.text)
    .text                                    0x00000104   Section        0  rand.o(.text)
    .text                                    0x00000128   Section       36  init.o(.text)
    i.ADC_EP_GetRequest                      0x0000014c   Section        0  adcuser.o(i.ADC_EP_GetRequest)
    i.ADC_EP_SetRequest                      0x00000150   Section        0  adcuser.o(i.ADC_EP_SetRequest)
    i.ADC_IF_GetRequest                      0x00000154   Section        0  adcuser.o(i.ADC_IF_GetRequest)
    i.ADC_IF_SetRequest                      0x000001e4   Section        0  adcuser.o(i.ADC_IF_SetRequest)
    i.EPAdr                                  0x00000244   Section        0  usbhw.o(i.EPAdr)
    i.GLCD_Bitmap                            0x00000254   Section        0  glcd_spi_lpc1700.o(i.GLCD_Bitmap)
    i.GLCD_Clear                             0x000002a6   Section        0  glcd_spi_lpc1700.o(i.GLCD_Clear)
    i.GLCD_DisplayString                     0x000002d0   Section        0  glcd_spi_lpc1700.o(i.GLCD_DisplayString)
    i.USB_DirCtrlEP                          0x000002f8   Section        0  usbhw.o(i.USB_DirCtrlEP)
    i.USB_Resume                             0x000002fa   Section        0  usbhw.o(i.USB_Resume)
    .ARM.__at_0x02FC                         0x000002fc   Section        4  startup_lpc17xx.o(.ARM.__at_0x02FC)
    i.GLCD_DisplayChar                       0x00000300   Section        0  glcd_spi_lpc1700.o(i.GLCD_DisplayChar)
    i.GLCD_DrawChar                          0x0000035c   Section        0  glcd_spi_lpc1700.o(i.GLCD_DrawChar)
    i.GLCD_Init                              0x000003f8   Section        0  glcd_spi_lpc1700.o(i.GLCD_Init)
    i.GLCD_SetBackColor                      0x000009e0   Section        0  glcd_spi_lpc1700.o(i.GLCD_SetBackColor)
    i.GLCD_SetTextColor                      0x000009ec   Section        0  glcd_spi_lpc1700.o(i.GLCD_SetTextColor)
    i.GLCD_SetWindow                         0x000009f8   Section        0  glcd_spi_lpc1700.o(i.GLCD_SetWindow)
    i.GLCD_WindowMax                         0x00000aa4   Section        0  glcd_spi_lpc1700.o(i.GLCD_WindowMax)
    i.KBD_get                                0x00000ab8   Section        0  kbd.o(i.KBD_get)
    i.LCD                                    0x00000ac8   Section        0  blinky.o(i.LCD)
    i.LED_Init                               0x00000c38   Section        0  led.o(i.LED_Init)
    i.RdCmdDat                               0x00000c68   Section        0  usbhw.o(i.RdCmdDat)
    i.SysTick_Handler                        0x00000c98   Section        0  irq.o(i.SysTick_Handler)
    i.SystemClockUpdate                      0x00000d14   Section        0  system_lpc17xx.o(i.SystemClockUpdate)
    i.SystemInit                             0x00000e54   Section        0  system_lpc17xx.o(i.SystemInit)
    i.TIMER0_IRQHandler                      0x00000f94   Section        0  usbdmain.o(i.TIMER0_IRQHandler)
    i.USB_ClrStallEP                         0x000010c0   Section        0  usbhw.o(i.USB_ClrStallEP)
    i.USB_ConfigEP                           0x000010e0   Section        0  usbhw.o(i.USB_ConfigEP)
    i.USB_Configure                          0x0000112c   Section        0  usbhw.o(i.USB_Configure)
    i.USB_Connect                            0x00001170   Section        0  usbhw.o(i.USB_Connect)
    i.USB_DMA_BufAdr                         0x00001190   Section        0  usbhw.o(i.USB_DMA_BufAdr)
    i.USB_DMA_Enable                         0x000011b4   Section        0  usbhw.o(i.USB_DMA_Enable)
    i.USB_DMA_Setup                          0x000011cc   Section        0  usbhw.o(i.USB_DMA_Setup)
    i.USB_DataInStage                        0x000012d8   Section        0  usbcore.o(i.USB_DataInStage)
    i.USB_DataOutStage                       0x00001310   Section        0  usbcore.o(i.USB_DataOutStage)
    i.USB_DisableEP                          0x00001338   Section        0  usbhw.o(i.USB_DisableEP)
    i.USB_EnableEP                           0x0000135c   Section        0  usbhw.o(i.USB_EnableEP)
    i.USB_EndPoint0                          0x0000137c   Section        0  usbcore.o(i.USB_EndPoint0)
    i.USB_EndPoint3                          0x000016ac   Section        0  usbuser.o(i.USB_EndPoint3)
    i.USB_IRQHandler                         0x00001764   Section        0  usbhw.o(i.USB_IRQHandler)
    i.USB_Init                               0x00001980   Section        0  usbhw.o(i.USB_Init)
    i.USB_ReadEP                             0x00001a20   Section        0  usbhw.o(i.USB_ReadEP)
    i.USB_ReqGetDescriptor                   0x00001a8c   Section        0  usbcore.o(i.USB_ReqGetDescriptor)
    i.USB_ReqGetStatus                       0x00001b44   Section        0  usbcore.o(i.USB_ReqGetStatus)
    i.USB_ReqSetClrFeature                   0x00001c04   Section        0  usbcore.o(i.USB_ReqSetClrFeature)
    i.USB_ReqSetConfiguration                0x00001cf0   Section        0  usbcore.o(i.USB_ReqSetConfiguration)
    i.USB_ReqSetInterface                    0x00001ea8   Section        0  usbcore.o(i.USB_ReqSetInterface)
    i.USB_Reset                              0x00001fd8   Section        0  usbhw.o(i.USB_Reset)
    i.USB_ResetCore                          0x0000209c   Section        0  usbcore.o(i.USB_ResetCore)
    i.USB_ResetEP                            0x000020d8   Section        0  usbhw.o(i.USB_ResetEP)
    i.USB_Reset_Event                        0x000020f8   Section        0  usbuser.o(i.USB_Reset_Event)
    i.USB_SOF_Event                          0x00002100   Section        0  usbuser.o(i.USB_SOF_Event)
    i.USB_SetAddress                         0x00002104   Section        0  usbhw.o(i.USB_SetAddress)
    i.USB_SetStallEP                         0x00002134   Section        0  usbhw.o(i.USB_SetStallEP)
    i.USB_SetupStage                         0x00002158   Section        0  usbcore.o(i.USB_SetupStage)
    i.USB_StatusInStage                      0x00002168   Section        0  usbcore.o(i.USB_StatusInStage)
    i.USB_StatusOutStage                     0x00002178   Section        0  usbcore.o(i.USB_StatusOutStage)
    i.USB_Suspend                            0x00002188   Section        0  usbhw.o(i.USB_Suspend)
    i.USB_WakeUpCfg                          0x0000218a   Section        0  usbhw.o(i.USB_WakeUpCfg)
    i.USB_WriteEP                            0x0000218c   Section        0  usbhw.o(i.USB_WriteEP)
    i.WrCmd                                  0x000021e0   Section        0  usbhw.o(i.WrCmd)
    i.WrCmdDat                               0x00002208   Section        0  usbhw.o(i.WrCmdDat)
    i.WrCmdEP                                0x0000224c   Section        0  usbhw.o(i.WrCmdEP)
    i.__scatterload_copy                     0x000022a4   Section       14  handlers.o(i.__scatterload_copy)
    i.__scatterload_null                     0x000022b2   Section        2  handlers.o(i.__scatterload_null)
    i.__scatterload_zeroinit                 0x000022b4   Section       14  handlers.o(i.__scatterload_zeroinit)
    i.audio                                  0x000022c4   Section        0  usbdmain.o(i.audio)
    i.delay                                  0x000023a4   Section        0  glcd_spi_lpc1700.o(i.delay)
    delay                                    0x000023a5   Thumb Code    14  glcd_spi_lpc1700.o(i.delay)
    i.determrps                              0x000023b2   Section        0  blinky.o(i.determrps)
    i.gallery                                0x00002464   Section        0  blinky.o(i.gallery)
    i.game_menu                              0x000026f4   Section        0  blinky.o(i.game_menu)
    i.get_button                             0x0000299c   Section        0  kbd.o(i.get_button)
    i.get_potval                             0x000029b0   Section        0  usbdmain.o(i.get_potval)
    i.lose                                   0x000029f4   Section        0  blinky.o(i.lose)
    i.main                                   0x00002b74   Section        0  blinky.o(i.main)
    i.multi_determrps                        0x00002d1c   Section        0  blinky.o(i.multi_determrps)
    i.multi_lose                             0x00002dcc   Section        0  blinky.o(i.multi_lose)
    i.multi_tie                              0x00002f4c   Section        0  blinky.o(i.multi_tie)
    i.multi_win                              0x00003098   Section        0  blinky.o(i.multi_win)
    i.multiplayer                            0x00003218   Section        0  blinky.o(i.multiplayer)
    i.p2_select                              0x000033b0   Section        0  blinky.o(i.p2_select)
    i.rd_id_man                              0x000034a0   Section        0  glcd_spi_lpc1700.o(i.rd_id_man)
    rd_id_man                                0x000034a1   Thumb Code   132  glcd_spi_lpc1700.o(i.rd_id_man)
    i.rd_reg                                 0x0000352c   Section        0  glcd_spi_lpc1700.o(i.rd_reg)
    rd_reg                                   0x0000352d   Thumb Code    66  glcd_spi_lpc1700.o(i.rd_reg)
    i.singleplayer                           0x00003574   Section        0  blinky.o(i.singleplayer)
    i.speaker_menu                           0x00003760   Section        0  blinky.o(i.speaker_menu)
    i.spi_tran                               0x000038f0   Section        0  glcd_spi_lpc1700.o(i.spi_tran)
    spi_tran                                 0x000038f1   Thumb Code    28  glcd_spi_lpc1700.o(i.spi_tran)
    i.spi_tran_man                           0x00003910   Section        0  glcd_spi_lpc1700.o(i.spi_tran_man)
    spi_tran_man                             0x00003911   Thumb Code   124  glcd_spi_lpc1700.o(i.spi_tran_man)
    i.tie                                    0x00003990   Section        0  blinky.o(i.tie)
    i.win                                    0x00003adc   Section        0  blinky.o(i.win)
    i.win_final_multiplayer                  0x00003c5c   Section        0  blinky.o(i.win_final_multiplayer)
    i.win_final_singleplayer                 0x00003f9c   Section        0  blinky.o(i.win_final_singleplayer)
    i.wr_cmd                                 0x00004434   Section        0  glcd_spi_lpc1700.o(i.wr_cmd)
    wr_cmd                                   0x00004435   Thumb Code    36  glcd_spi_lpc1700.o(i.wr_cmd)
    i.wr_dat                                 0x0000445c   Section        0  glcd_spi_lpc1700.o(i.wr_dat)
    wr_dat                                   0x0000445d   Thumb Code    36  glcd_spi_lpc1700.o(i.wr_dat)
    i.wr_dat_only                            0x00004484   Section        0  glcd_spi_lpc1700.o(i.wr_dat_only)
    wr_dat_only                              0x00004485   Thumb Code    18  glcd_spi_lpc1700.o(i.wr_dat_only)
    i.wr_dat_start                           0x00004498   Section        0  glcd_spi_lpc1700.o(i.wr_dat_start)
    wr_dat_start                             0x00004499   Thumb Code    16  glcd_spi_lpc1700.o(i.wr_dat_start)
    i.wr_dat_stop                            0x000044ac   Section        0  glcd_spi_lpc1700.o(i.wr_dat_stop)
    wr_dat_stop                              0x000044ad   Thumb Code     8  glcd_spi_lpc1700.o(i.wr_dat_stop)
    i.wr_reg                                 0x000044b8   Section        0  glcd_spi_lpc1700.o(i.wr_reg)
    wr_reg                                   0x000044b9   Thumb Code    20  glcd_spi_lpc1700.o(i.wr_reg)
    .constdata                               0x000044cc   Section     6272  glcd_spi_lpc1700.o(.constdata)
    .constdata                               0x00005d4c   Section      228  usbdesc.o(.constdata)
    .constdata                               0x00005e30   Section       16  usbhw.o(.constdata)
    .constdata                               0x00005e40   Section       64  usbuser.o(.constdata)
    .constdata                               0x00005e80   Section    110721  img1.o(.constdata)
    .constdata                               0x00020f01   Section    85001  game.o(.constdata)
    .constdata                               0x00035b0a   Section    110721  img2.o(.constdata)
    .constdata                               0x00050b8b   Section    109441  img3.o(.constdata)
    .data                                    0x10000000   Section       36  blinky.o(.data)
    .data                                    0x10000024   Section        5  glcd_spi_lpc1700.o(.data)
    Color                                    0x10000024   Data           4  glcd_spi_lpc1700.o(.data)
    Himax                                    0x10000028   Data           1  glcd_spi_lpc1700.o(.data)
    .data                                    0x1000002a   Section        2  adcuser.o(.data)
    .data                                    0x1000002c   Section       40  usbcore.o(.data)
    .data                                    0x10000054   Section        8  system_lpc17xx.o(.data)
    .bss                                     0x1000005c   Section       64  usbcore.o(.bss)
    USB_RAM                                  0x1000009c   Section      544  usbhw.o(USB_RAM)
    .data                                    0x2007c000   Section        7  irq.o(.data)
    .data                                    0x2007c008   Section       40  usbdmain.o(.data)
    .data                                    0x2007c030   Section        8  usbhw.o(.data)
    .data                                    0x2007c038   Section        4  rand.o(.data)
    _rand_state                              0x2007c038   Data           4  rand.o(.data)
    .bss                                     0x2007c03c   Section      128  usbhw.o(.bss)
    STACK                                    0x2007c0c0   Section      512  startup_lpc17xx.o(STACK)

    Global Symbols

    Symbol Name                              Value     Ov Type        Size  Object(Section)

    BuildAttributes$$THM_ISAv4$P$D$K$B$S$PE$A:L22UL41UL21$X:L11$S22US41US21$IEEE1$IW$USESV6$~STKCKD$USESV7$~SHL$OSPACE$EBA8$MICROLIB$REQ8$PRES8$EABIv2 0x00000000   Number         0  anon$$obj.o ABSOLUTE
    __ARM_use_no_argv                        0x00000000   Number         0  blinky.o ABSOLUTE
    __Vectors                                0x00000000   Data           4  startup_lpc17xx.o(RESET)
    __cpp_initialize__aeabi_                  - Undefined Weak Reference
    __cxa_finalize                            - Undefined Weak Reference
    __decompress                              - Undefined Weak Reference
    _clock_init                               - Undefined Weak Reference
    _microlib_exit                            - Undefined Weak Reference
    __main                                   0x000000cd   Thumb Code     0  entry.o(.ARM.Collect$$$$00000000)
    _main_stk                                0x000000cd   Thumb Code     0  entry2.o(.ARM.Collect$$$$00000001)
    _main_scatterload                        0x000000d1   Thumb Code     0  entry5.o(.ARM.Collect$$$$00000004)
    __main_after_scatterload                 0x000000d5   Thumb Code     0  entry5.o(.ARM.Collect$$$$00000004)
    _main_clock                              0x000000d5   Thumb Code     0  entry7b.o(.ARM.Collect$$$$00000008)
    _main_cpp_init                           0x000000d5   Thumb Code     0  entry8b.o(.ARM.Collect$$$$0000000A)
    _main_init                               0x000000d5   Thumb Code     0  entry9a.o(.ARM.Collect$$$$0000000B)
    __rt_final_cpp                           0x000000dd   Thumb Code     0  entry10a.o(.ARM.Collect$$$$0000000D)
    __rt_final_exit                          0x000000dd   Thumb Code     0  entry11a.o(.ARM.Collect$$$$0000000F)
    Reset_Handler                            0x000000e1   Thumb Code     8  startup_lpc17xx.o(.text)
    NMI_Handler                              0x000000e9   Thumb Code     2  startup_lpc17xx.o(.text)
    HardFault_Handler                        0x000000eb   Thumb Code     2  startup_lpc17xx.o(.text)
    MemManage_Handler                        0x000000ed   Thumb Code     2  startup_lpc17xx.o(.text)
    BusFault_Handler                         0x000000ef   Thumb Code     2  startup_lpc17xx.o(.text)
    UsageFault_Handler                       0x000000f1   Thumb Code     2  startup_lpc17xx.o(.text)
    SVC_Handler                              0x000000f3   Thumb Code     2  startup_lpc17xx.o(.text)
    DebugMon_Handler                         0x000000f5   Thumb Code     2  startup_lpc17xx.o(.text)
    PendSV_Handler                           0x000000f7   Thumb Code     2  startup_lpc17xx.o(.text)
    ADC_IRQHandler                           0x000000fb   Thumb Code     0  startup_lpc17xx.o(.text)
    BOD_IRQHandler                           0x000000fb   Thumb Code     0  startup_lpc17xx.o(.text)
    CANActivity_IRQHandler                   0x000000fb   Thumb Code     0  startup_lpc17xx.o(.text)
    CAN_IRQHandler                           0x000000fb   Thumb Code     0  startup_lpc17xx.o(.text)
    DMA_IRQHandler                           0x000000fb   Thumb Code     0  startup_lpc17xx.o(.text)
    EINT0_IRQHandler                         0x000000fb   Thumb Code     0  startup_lpc17xx.o(.text)
    EINT1_IRQHandler                         0x000000fb   Thumb Code     0  startup_lpc17xx.o(.text)
    EINT2_IRQHandler                         0x000000fb   Thumb Code     0  startup_lpc17xx.o(.text)
    EINT3_IRQHandler                         0x000000fb   Thumb Code     0  startup_lpc17xx.o(.text)
    ENET_IRQHandler                          0x000000fb   Thumb Code     0  startup_lpc17xx.o(.text)
    I2C0_IRQHandler                          0x000000fb   Thumb Code     0  startup_lpc17xx.o(.text)
    I2C1_IRQHandler                          0x000000fb   Thumb Code     0  startup_lpc17xx.o(.text)
    I2C2_IRQHandler                          0x000000fb   Thumb Code     0  startup_lpc17xx.o(.text)
    I2S_IRQHandler                           0x000000fb   Thumb Code     0  startup_lpc17xx.o(.text)
    MCPWM_IRQHandler                         0x000000fb   Thumb Code     0  startup_lpc17xx.o(.text)
    PLL0_IRQHandler                          0x000000fb   Thumb Code     0  startup_lpc17xx.o(.text)
    PLL1_IRQHandler                          0x000000fb   Thumb Code     0  startup_lpc17xx.o(.text)
    PWM1_IRQHandler                          0x000000fb   Thumb Code     0  startup_lpc17xx.o(.text)
    QEI_IRQHandler                           0x000000fb   Thumb Code     0  startup_lpc17xx.o(.text)
    RIT_IRQHandler                           0x000000fb   Thumb Code     0  startup_lpc17xx.o(.text)
    RTC_IRQHandler                           0x000000fb   Thumb Code     0  startup_lpc17xx.o(.text)
    SPI_IRQHandler                           0x000000fb   Thumb Code     0  startup_lpc17xx.o(.text)
    SSP0_IRQHandler                          0x000000fb   Thumb Code     0  startup_lpc17xx.o(.text)
    SSP1_IRQHandler                          0x000000fb   Thumb Code     0  startup_lpc17xx.o(.text)
    TIMER1_IRQHandler                        0x000000fb   Thumb Code     0  startup_lpc17xx.o(.text)
    TIMER2_IRQHandler                        0x000000fb   Thumb Code     0  startup_lpc17xx.o(.text)
    TIMER3_IRQHandler                        0x000000fb   Thumb Code     0  startup_lpc17xx.o(.text)
    UART0_IRQHandler                         0x000000fb   Thumb Code     0  startup_lpc17xx.o(.text)
    UART1_IRQHandler                         0x000000fb   Thumb Code     0  startup_lpc17xx.o(.text)
    UART2_IRQHandler                         0x000000fb   Thumb Code     0  startup_lpc17xx.o(.text)
    UART3_IRQHandler                         0x000000fb   Thumb Code     0  startup_lpc17xx.o(.text)
    USBActivity_IRQHandler                   0x000000fb   Thumb Code     0  startup_lpc17xx.o(.text)
    WDT_IRQHandler                           0x000000fb   Thumb Code     0  startup_lpc17xx.o(.text)
    rand                                     0x00000105   Thumb Code    20  rand.o(.text)
    srand                                    0x00000119   Thumb Code     6  rand.o(.text)
    __scatterload                            0x00000129   Thumb Code    28  init.o(.text)
    __scatterload_rt2                        0x00000129   Thumb Code     0  init.o(.text)
    ADC_EP_GetRequest                        0x0000014d   Thumb Code     4  adcuser.o(i.ADC_EP_GetRequest)
    ADC_EP_SetRequest                        0x00000151   Thumb Code     4  adcuser.o(i.ADC_EP_SetRequest)
    ADC_IF_GetRequest                        0x00000155   Thumb Code   128  adcuser.o(i.ADC_IF_GetRequest)
    ADC_IF_SetRequest                        0x000001e5   Thumb Code    80  adcuser.o(i.ADC_IF_SetRequest)
    EPAdr                                    0x00000245   Thumb Code    16  usbhw.o(i.EPAdr)
    GLCD_Bitmap                              0x00000255   Thumb Code    82  glcd_spi_lpc1700.o(i.GLCD_Bitmap)
    GLCD_Clear                               0x000002a7   Thumb Code    42  glcd_spi_lpc1700.o(i.GLCD_Clear)
    GLCD_DisplayString                       0x000002d1   Thumb Code    40  glcd_spi_lpc1700.o(i.GLCD_DisplayString)
    USB_DirCtrlEP                            0x000002f9   Thumb Code     2  usbhw.o(i.USB_DirCtrlEP)
    USB_Resume                               0x000002fb   Thumb Code     2  usbhw.o(i.USB_Resume)
    GLCD_DisplayChar                         0x00000301   Thumb Code    84  glcd_spi_lpc1700.o(i.GLCD_DisplayChar)
    GLCD_DrawChar                            0x0000035d   Thumb Code   150  glcd_spi_lpc1700.o(i.GLCD_DrawChar)
    GLCD_Init                                0x000003f9   Thumb Code  1506  glcd_spi_lpc1700.o(i.GLCD_Init)
    GLCD_SetBackColor                        0x000009e1   Thumb Code     6  glcd_spi_lpc1700.o(i.GLCD_SetBackColor)
    GLCD_SetTextColor                        0x000009ed   Thumb Code     6  glcd_spi_lpc1700.o(i.GLCD_SetTextColor)
    GLCD_SetWindow                           0x000009f9   Thumb Code   168  glcd_spi_lpc1700.o(i.GLCD_SetWindow)
    GLCD_WindowMax                           0x00000aa5   Thumb Code    18  glcd_spi_lpc1700.o(i.GLCD_WindowMax)
    KBD_get                                  0x00000ab9   Thumb Code    12  kbd.o(i.KBD_get)
    LCD                                      0x00000ac9   Thumb Code   296  blinky.o(i.LCD)
    LED_Init                                 0x00000c39   Thumb Code    40  led.o(i.LED_Init)
    RdCmdDat                                 0x00000c69   Thumb Code    38  usbhw.o(i.RdCmdDat)
    SysTick_Handler                          0x00000c99   Thumb Code   108  irq.o(i.SysTick_Handler)
    SystemClockUpdate                        0x00000d15   Thumb Code   302  system_lpc17xx.o(i.SystemClockUpdate)
    SystemInit                               0x00000e55   Thumb Code   302  system_lpc17xx.o(i.SystemInit)
    TIMER0_IRQHandler                        0x00000f95   Thumb Code   252  usbdmain.o(i.TIMER0_IRQHandler)
    USB_ClrStallEP                           0x000010c1   Thumb Code    26  usbhw.o(i.USB_ClrStallEP)
    USB_ConfigEP                             0x000010e1   Thumb Code    68  usbhw.o(i.USB_ConfigEP)
    USB_Configure                            0x0000112d   Thumb Code    60  usbhw.o(i.USB_Configure)
    USB_Connect                              0x00001171   Thumb Code    28  usbhw.o(i.USB_Connect)
    USB_DMA_BufAdr                           0x00001191   Thumb Code    30  usbhw.o(i.USB_DMA_BufAdr)
    USB_DMA_Enable                           0x000011b5   Thumb Code    20  usbhw.o(i.USB_DMA_Enable)
    USB_DMA_Setup                            0x000011cd   Thumb Code   248  usbhw.o(i.USB_DMA_Setup)
    USB_DataInStage                          0x000012d9   Thumb Code    52  usbcore.o(i.USB_DataInStage)
    USB_DataOutStage                         0x00001311   Thumb Code    34  usbcore.o(i.USB_DataOutStage)
    USB_DisableEP                            0x00001339   Thumb Code    26  usbhw.o(i.USB_DisableEP)
    USB_EnableEP                             0x0000135d   Thumb Code    26  usbhw.o(i.USB_EnableEP)
    USB_EndPoint0                            0x0000137d   Thumb Code   786  usbcore.o(i.USB_EndPoint0)
    USB_EndPoint3                            0x000016ad   Thumb Code   164  usbuser.o(i.USB_EndPoint3)
    USB_IRQHandler                           0x00001765   Thumb Code   518  usbhw.o(i.USB_IRQHandler)
    USB_Init                                 0x00001981   Thumb Code   138  usbhw.o(i.USB_Init)
    USB_ReadEP                               0x00001a21   Thumb Code    94  usbhw.o(i.USB_ReadEP)
    USB_ReqGetDescriptor                     0x00001a8d   Thumb Code   164  usbcore.o(i.USB_ReqGetDescriptor)
    USB_ReqGetStatus                         0x00001b45   Thumb Code   160  usbcore.o(i.USB_ReqGetStatus)
    USB_ReqSetClrFeature                     0x00001c05   Thumb Code   210  usbcore.o(i.USB_ReqSetClrFeature)
    USB_ReqSetConfiguration                  0x00001cf1   Thumb Code   402  usbcore.o(i.USB_ReqSetConfiguration)
    USB_ReqSetInterface                      0x00001ea9   Thumb Code   278  usbcore.o(i.USB_ReqSetInterface)
    USB_Reset                                0x00001fd9   Thumb Code   172  usbhw.o(i.USB_Reset)
    USB_ResetCore                            0x0000209d   Thumb Code    34  usbcore.o(i.USB_ResetCore)
    USB_ResetEP                              0x000020d9   Thumb Code    26  usbhw.o(i.USB_ResetEP)
    USB_Reset_Event                          0x000020f9   Thumb Code     8  usbuser.o(i.USB_Reset_Event)
    USB_SOF_Event                            0x00002101   Thumb Code     2  usbuser.o(i.USB_SOF_Event)
    USB_SetAddress                           0x00002105   Thumb Code    42  usbhw.o(i.USB_SetAddress)
    USB_SetStallEP                           0x00002135   Thumb Code    26  usbhw.o(i.USB_SetStallEP)
    USB_SetupStage                           0x00002159   Thumb Code    12  usbcore.o(i.USB_SetupStage)
    USB_StatusInStage                        0x00002169   Thumb Code    14  usbcore.o(i.USB_StatusInStage)
    USB_StatusOutStage                       0x00002179   Thumb Code    12  usbcore.o(i.USB_StatusOutStage)
    USB_Suspend                              0x00002189   Thumb Code     2  usbhw.o(i.USB_Suspend)
    USB_WakeUpCfg                            0x0000218b   Thumb Code     2  usbhw.o(i.USB_WakeUpCfg)
    USB_WriteEP                              0x0000218d   Thumb Code    70  usbhw.o(i.USB_WriteEP)
    WrCmd                                    0x000021e1   Thumb Code    30  usbhw.o(i.WrCmd)
    WrCmdDat                                 0x00002209   Thumb Code    58  usbhw.o(i.WrCmdDat)
    WrCmdEP                                  0x0000224d   Thumb Code    78  usbhw.o(i.WrCmdEP)
    __scatterload_copy                       0x000022a5   Thumb Code    14  handlers.o(i.__scatterload_copy)
    __scatterload_null                       0x000022b3   Thumb Code     2  handlers.o(i.__scatterload_null)
    __scatterload_zeroinit                   0x000022b5   Thumb Code    14  handlers.o(i.__scatterload_zeroinit)
    audio                                    0x000022c5   Thumb Code   198  usbdmain.o(i.audio)
    determrps                                0x000023b3   Thumb Code   176  blinky.o(i.determrps)
    gallery                                  0x00002465   Thumb Code   596  blinky.o(i.gallery)
    game_menu                                0x000026f5   Thumb Code   510  blinky.o(i.game_menu)
    get_button                               0x0000299d   Thumb Code    20  kbd.o(i.get_button)
    get_potval                               0x000029b1   Thumb Code    58  usbdmain.o(i.get_potval)
    lose                                     0x000029f5   Thumb Code   264  blinky.o(i.lose)
    main                                     0x00002b75   Thumb Code   266  blinky.o(i.main)
    multi_determrps                          0x00002d1d   Thumb Code   176  blinky.o(i.multi_determrps)
    multi_lose                               0x00002dcd   Thumb Code   264  blinky.o(i.multi_lose)
    multi_tie                                0x00002f4d   Thumb Code   234  blinky.o(i.multi_tie)
    multi_win                                0x00003099   Thumb Code   264  blinky.o(i.multi_win)
    multiplayer                              0x00003219   Thumb Code   332  blinky.o(i.multiplayer)
    p2_select                                0x000033b1   Thumb Code   188  blinky.o(i.p2_select)
    singleplayer                             0x00003575   Thumb Code   390  blinky.o(i.singleplayer)
    speaker_menu                             0x00003761   Thumb Code   182  blinky.o(i.speaker_menu)
    tie                                      0x00003991   Thumb Code   234  blinky.o(i.tie)
    win                                      0x00003add   Thumb Code   264  blinky.o(i.win)
    win_final_multiplayer                    0x00003c5d   Thumb Code   694  blinky.o(i.win_final_multiplayer)
    win_final_singleplayer                   0x00003f9d   Thumb Code  1016  blinky.o(i.win_final_singleplayer)
    Font_6x8_h                               0x000044cc   Data         896  glcd_spi_lpc1700.o(.constdata)
    Font_16x24_h                             0x0000484c   Data        5376  glcd_spi_lpc1700.o(.constdata)
    USB_DeviceDescriptor                     0x00005d4c   Data          18  usbdesc.o(.constdata)
    USB_ConfigDescriptor                     0x00005d5e   Data         110  usbdesc.o(.constdata)
    USB_StringDescriptor                     0x00005dcc   Data         100  usbdesc.o(.constdata)
    DDAdr                                    0x00005e30   Data           8  usbhw.o(.constdata)
    DDSz                                     0x00005e38   Data           8  usbhw.o(.constdata)
    USB_P_EP                                 0x00005e40   Data          64  usbuser.o(.constdata)
    img_1                                    0x00005e80   Data       110721  img1.o(.constdata)
    game_img                                 0x00020f01   Data       85001  game.o(.constdata)
    img_2                                    0x00035b0a   Data       110721  img2.o(.constdata)
    img_3                                    0x00050b8b   Data       109441  img3.o(.constdata)
    Region$$Table$$Base                      0x0006b70c   Number         0  anon$$obj.o(Region$$Table)
    Region$$Table$$Limit                     0x0006b74c   Number         0  anon$$obj.o(Region$$Table)
    bit1                                     0x10000000   Data           4  blinky.o(.data)
    bit2                                     0x10000004   Data           4  blinky.o(.data)
    bit3                                     0x10000008   Data           4  blinky.o(.data)
    bit4                                     0x1000000c   Data           4  blinky.o(.data)
    bit5                                     0x10000010   Data           4  blinky.o(.data)
    bit6                                     0x10000014   Data           4  blinky.o(.data)
    bit7                                     0x10000018   Data           4  blinky.o(.data)
    flag                                     0x1000001c   Data           4  blinky.o(.data)
    round_num                                0x10000020   Data           4  blinky.o(.data)
    VolCur                                   0x1000002a   Data           2  adcuser.o(.data)
    USB_DeviceStatus                         0x1000002c   Data           2  usbcore.o(.data)
    USB_DeviceAddress                        0x1000002e   Data           1  usbcore.o(.data)
    USB_Configuration                        0x1000002f   Data           1  usbcore.o(.data)
    USB_EndPointMask                         0x10000030   Data           4  usbcore.o(.data)
    USB_EndPointHalt                         0x10000034   Data           4  usbcore.o(.data)
    USB_EndPointStall                        0x10000038   Data           4  usbcore.o(.data)
    USB_NumInterfaces                        0x1000003c   Data           1  usbcore.o(.data)
    USB_AltSetting                           0x1000003d   Data           4  usbcore.o(.data)
    EP0Data                                  0x10000044   Data           8  usbcore.o(.data)
    SetupPacket                              0x1000004c   Data           8  usbcore.o(.data)
    SystemCoreClock                          0x10000054   Data           4  system_lpc17xx.o(.data)
    SystemFrequency                          0x10000058   Data           4  system_lpc17xx.o(.data)
    EP0Buf                                   0x1000005c   Data          64  usbcore.o(.bss)
    UDCA                                     0x1000009c   Data         128  usbhw.o(USB_RAM)
    DD_NISO_Mem                              0x1000011c   Data         256  usbhw.o(USB_RAM)
    DD_ISO_Mem                               0x1000021c   Data         160  usbhw.o(USB_RAM)
    ticks                                    0x2007c000   Data           4  irq.o(.data)
    ClockLEDOn                               0x2007c004   Data           1  irq.o(.data)
    ClockLEDOff                              0x2007c005   Data           1  irq.o(.data)
    ClockANI                                 0x2007c006   Data           1  irq.o(.data)
    Mute                                     0x2007c008   Data           1  usbdmain.o(.data)
    Volume                                   0x2007c00c   Data           4  usbdmain.o(.data)
    js_sp                                    0x2007c010   Data           4  usbdmain.o(.data)
    js_last_sp                               0x2007c014   Data           4  usbdmain.o(.data)
    InfoBuf                                  0x2007c018   Data           4  usbdmain.o(.data)
    DataBuf                                  0x2007c01c   Data           4  usbdmain.o(.data)
    DataOut                                  0x2007c020   Data           2  usbdmain.o(.data)
    DataIn                                   0x2007c022   Data           2  usbdmain.o(.data)
    DataRun                                  0x2007c024   Data           1  usbdmain.o(.data)
    PotVal                                   0x2007c026   Data           2  usbdmain.o(.data)
    VUM                                      0x2007c028   Data           4  usbdmain.o(.data)
    Tick                                     0x2007c02c   Data           4  usbdmain.o(.data)
    DDMemMap                                 0x2007c030   Data           8  usbhw.o(.data)
    udca                                     0x2007c03c   Data         128  usbhw.o(.bss)
    __initial_sp                             0x2007c2c0   Data           0  startup_lpc17xx.o(STACK)



==============================================================================

Memory Map of the image

  Image Entry point : 0x000000cd

  Load Region LR_IROM1 (Base: 0x00000000, Size: 0x0006b7e4, Max: 0x00080000, ABSOLUTE)

    Execution Region ER_IROM1 (Exec base: 0x00000000, Load base: 0x00000000, Size: 0x0006b74c, Max: 0x00080000, ABSOLUTE)

    Exec Addr    Load Addr    Size         Type   Attr      Idx    E Section Name        Object

    0x00000000   0x00000000   0x000000cc   Data   RO          990    RESET               startup_lpc17xx.o
    0x000000cc   0x000000cc   0x00000000   Code   RO         1059  * .ARM.Collect$$$$00000000  mc_w.l(entry.o)
    0x000000cc   0x000000cc   0x00000004   Code   RO         1067    .ARM.Collect$$$$00000001  mc_w.l(entry2.o)
    0x000000d0   0x000000d0   0x00000004   Code   RO         1070    .ARM.Collect$$$$00000004  mc_w.l(entry5.o)
    0x000000d4   0x000000d4   0x00000000   Code   RO         1072    .ARM.Collect$$$$00000008  mc_w.l(entry7b.o)
    0x000000d4   0x000000d4   0x00000000   Code   RO         1074    .ARM.Collect$$$$0000000A  mc_w.l(entry8b.o)
    0x000000d4   0x000000d4   0x00000008   Code   RO         1075    .ARM.Collect$$$$0000000B  mc_w.l(entry9a.o)
    0x000000dc   0x000000dc   0x00000000   Code   RO         1077    .ARM.Collect$$$$0000000D  mc_w.l(entry10a.o)
    0x000000dc   0x000000dc   0x00000000   Code   RO         1079    .ARM.Collect$$$$0000000F  mc_w.l(entry11a.o)
    0x000000dc   0x000000dc   0x00000004   Code   RO         1068    .ARM.Collect$$$$00002712  mc_w.l(entry2.o)
    0x000000e0   0x000000e0   0x00000024   Code   RO          992    .text               startup_lpc17xx.o
    0x00000104   0x00000104   0x00000024   Code   RO         1064    .text               mc_w.l(rand.o)
    0x00000128   0x00000128   0x00000024   Code   RO         1085    .text               mc_w.l(init.o)
    0x0000014c   0x0000014c   0x00000004   Code   RO          417    i.ADC_EP_GetRequest  adcuser.o
    0x00000150   0x00000150   0x00000004   Code   RO          418    i.ADC_EP_SetRequest  adcuser.o
    0x00000154   0x00000154   0x00000090   Code   RO          419    i.ADC_IF_GetRequest  adcuser.o
    0x000001e4   0x000001e4   0x00000060   Code   RO          420    i.ADC_IF_SetRequest  adcuser.o
    0x00000244   0x00000244   0x00000010   Code   RO          628    i.EPAdr             usbhw.o
    0x00000254   0x00000254   0x00000052   Code   RO          182    i.GLCD_Bitmap       glcd_spi_lpc1700.o
    0x000002a6   0x000002a6   0x0000002a   Code   RO          183    i.GLCD_Clear        glcd_spi_lpc1700.o
    0x000002d0   0x000002d0   0x00000028   Code   RO          186    i.GLCD_DisplayString  glcd_spi_lpc1700.o
    0x000002f8   0x000002f8   0x00000002   Code   RO          641    i.USB_DirCtrlEP     usbhw.o
    0x000002fa   0x000002fa   0x00000002   Code   RO          650    i.USB_Resume        usbhw.o
    0x000002fc   0x000002fc   0x00000004   Code   RO          991    .ARM.__at_0x02FC    startup_lpc17xx.o
    0x00000300   0x00000300   0x0000005c   Code   RO          185    i.GLCD_DisplayChar  glcd_spi_lpc1700.o
    0x0000035c   0x0000035c   0x0000009c   Code   RO          187    i.GLCD_DrawChar     glcd_spi_lpc1700.o
    0x000003f8   0x000003f8   0x000005e8   Code   RO          188    i.GLCD_Init         glcd_spi_lpc1700.o
    0x000009e0   0x000009e0   0x0000000c   Code   RO          191    i.GLCD_SetBackColor  glcd_spi_lpc1700.o
    0x000009ec   0x000009ec   0x0000000c   Code   RO          192    i.GLCD_SetTextColor  glcd_spi_lpc1700.o
    0x000009f8   0x000009f8   0x000000ac   Code   RO          193    i.GLCD_SetWindow    glcd_spi_lpc1700.o
    0x00000aa4   0x00000aa4   0x00000012   Code   RO          194    i.GLCD_WindowMax    glcd_spi_lpc1700.o
    0x00000ab6   0x00000ab6   0x00000002   PAD
    0x00000ab8   0x00000ab8   0x00000010   Code   RO          388    i.KBD_get           kbd.o
    0x00000ac8   0x00000ac8   0x00000170   Code   RO           17    i.LCD               blinky.o
    0x00000c38   0x00000c38   0x00000030   Code   RO          354    i.LED_Init          led.o
    0x00000c68   0x00000c68   0x00000030   Code   RO          629    i.RdCmdDat          usbhw.o
    0x00000c98   0x00000c98   0x0000007c   Code   RO          169    i.SysTick_Handler   irq.o
    0x00000d14   0x00000d14   0x00000140   Code   RO          998    i.SystemClockUpdate  system_lpc17xx.o
    0x00000e54   0x00000e54   0x00000140   Code   RO         1000    i.SystemInit        system_lpc17xx.o
    0x00000f94   0x00000f94   0x0000012c   Code   RO          591    i.TIMER0_IRQHandler  usbdmain.o
    0x000010c0   0x000010c0   0x00000020   Code   RO          631    i.USB_ClrStallEP    usbhw.o
    0x000010e0   0x000010e0   0x0000004c   Code   RO          632    i.USB_ConfigEP      usbhw.o
    0x0000112c   0x0000112c   0x00000044   Code   RO          633    i.USB_Configure     usbhw.o
    0x00001170   0x00001170   0x00000020   Code   RO          634    i.USB_Connect       usbhw.o
    0x00001190   0x00001190   0x00000024   Code   RO          635    i.USB_DMA_BufAdr    usbhw.o
    0x000011b4   0x000011b4   0x00000018   Code   RO          638    i.USB_DMA_Enable    usbhw.o
    0x000011cc   0x000011cc   0x0000010c   Code   RO          639    i.USB_DMA_Setup     usbhw.o
    0x000012d8   0x000012d8   0x00000038   Code   RO          474    i.USB_DataInStage   usbcore.o
    0x00001310   0x00001310   0x00000028   Code   RO          475    i.USB_DataOutStage  usbcore.o
    0x00001338   0x00001338   0x00000024   Code   RO          642    i.USB_DisableEP     usbhw.o
    0x0000135c   0x0000135c   0x00000020   Code   RO          643    i.USB_EnableEP      usbhw.o
    0x0000137c   0x0000137c   0x00000330   Code   RO          476    i.USB_EndPoint0     usbcore.o
    0x000016ac   0x000016ac   0x000000b8   Code   RO          843    i.USB_EndPoint3     usbuser.o
    0x00001764   0x00001764   0x0000021c   Code   RO          645    i.USB_IRQHandler    usbhw.o
    0x00001980   0x00001980   0x000000a0   Code   RO          646    i.USB_Init          usbhw.o
    0x00001a20   0x00001a20   0x0000006c   Code   RO          647    i.USB_ReadEP        usbhw.o
    0x00001a8c   0x00001a8c   0x000000b8   Code   RO          535    i.USB_ReqGetDescriptor  usbcore.o
    0x00001b44   0x00001b44   0x000000c0   Code   RO          523    i.USB_ReqGetStatus  usbcore.o
    0x00001c04   0x00001c04   0x000000ec   Code   RO          529    i.USB_ReqSetClrFeature  usbcore.o
    0x00001cf0   0x00001cf0   0x000001b8   Code   RO          541    i.USB_ReqSetConfiguration  usbcore.o
    0x00001ea8   0x00001ea8   0x00000130   Code   RO          547    i.USB_ReqSetInterface  usbcore.o
    0x00001fd8   0x00001fd8   0x000000c4   Code   RO          648    i.USB_Reset         usbhw.o
    0x0000209c   0x0000209c   0x0000003c   Code   RO          477    i.USB_ResetCore     usbcore.o
    0x000020d8   0x000020d8   0x00000020   Code   RO          649    i.USB_ResetEP       usbhw.o
    0x000020f8   0x000020f8   0x00000008   Code   RO          850    i.USB_Reset_Event   usbuser.o
    0x00002100   0x00002100   0x00000002   Code   RO          851    i.USB_SOF_Event     usbuser.o
    0x00002102   0x00002102   0x00000002   PAD
    0x00002104   0x00002104   0x00000030   Code   RO          651    i.USB_SetAddress    usbhw.o
    0x00002134   0x00002134   0x00000024   Code   RO          652    i.USB_SetStallEP    usbhw.o
    0x00002158   0x00002158   0x00000010   Code   RO          478    i.USB_SetupStage    usbcore.o
    0x00002168   0x00002168   0x0000000e   Code   RO          479    i.USB_StatusInStage  usbcore.o
    0x00002176   0x00002176   0x00000002   PAD
    0x00002178   0x00002178   0x00000010   Code   RO          480    i.USB_StatusOutStage  usbcore.o
    0x00002188   0x00002188   0x00000002   Code   RO          653    i.USB_Suspend       usbhw.o
    0x0000218a   0x0000218a   0x00000002   Code   RO          655    i.USB_WakeUpCfg     usbhw.o
    0x0000218c   0x0000218c   0x00000054   Code   RO          656    i.USB_WriteEP       usbhw.o
    0x000021e0   0x000021e0   0x00000028   Code   RO          657    i.WrCmd             usbhw.o
    0x00002208   0x00002208   0x00000044   Code   RO          658    i.WrCmdDat          usbhw.o
    0x0000224c   0x0000224c   0x00000058   Code   RO          659    i.WrCmdEP           usbhw.o
    0x000022a4   0x000022a4   0x0000000e   Code   RO         1089    i.__scatterload_copy  mc_w.l(handlers.o)
    0x000022b2   0x000022b2   0x00000002   Code   RO         1090    i.__scatterload_null  mc_w.l(handlers.o)
    0x000022b4   0x000022b4   0x0000000e   Code   RO         1091    i.__scatterload_zeroinit  mc_w.l(handlers.o)
    0x000022c2   0x000022c2   0x00000002   PAD
    0x000022c4   0x000022c4   0x000000e0   Code   RO          592    i.audio             usbdmain.o
    0x000023a4   0x000023a4   0x0000000e   Code   RO          197    i.delay             glcd_spi_lpc1700.o
    0x000023b2   0x000023b2   0x000000b0   Code   RO           18    i.determrps         blinky.o
    0x00002462   0x00002462   0x00000002   PAD
    0x00002464   0x00002464   0x00000290   Code   RO           19    i.gallery           blinky.o
    0x000026f4   0x000026f4   0x000002a8   Code   RO           20    i.game_menu         blinky.o
    0x0000299c   0x0000299c   0x00000014   Code   RO          389    i.get_button        kbd.o
    0x000029b0   0x000029b0   0x00000044   Code   RO          593    i.get_potval        usbdmain.o
    0x000029f4   0x000029f4   0x00000180   Code   RO           21    i.lose              blinky.o
    0x00002b74   0x00002b74   0x000001a8   Code   RO           22    i.main              blinky.o
    0x00002d1c   0x00002d1c   0x000000b0   Code   RO           23    i.multi_determrps   blinky.o
    0x00002dcc   0x00002dcc   0x00000180   Code   RO           24    i.multi_lose        blinky.o
    0x00002f4c   0x00002f4c   0x0000014c   Code   RO           25    i.multi_tie         blinky.o
    0x00003098   0x00003098   0x00000180   Code   RO           26    i.multi_win         blinky.o
    0x00003218   0x00003218   0x00000198   Code   RO           27    i.multiplayer       blinky.o
    0x000033b0   0x000033b0   0x000000f0   Code   RO           28    i.p2_select         blinky.o
    0x000034a0   0x000034a0   0x0000008c   Code   RO          198    i.rd_id_man         glcd_spi_lpc1700.o
    0x0000352c   0x0000352c   0x00000048   Code   RO          199    i.rd_reg            glcd_spi_lpc1700.o
    0x00003574   0x00003574   0x000001ec   Code   RO           29    i.singleplayer      blinky.o
    0x00003760   0x00003760   0x00000190   Code   RO           30    i.speaker_menu      blinky.o
    0x000038f0   0x000038f0   0x00000020   Code   RO          200    i.spi_tran          glcd_spi_lpc1700.o
    0x00003910   0x00003910   0x00000080   Code   RO          201    i.spi_tran_man      glcd_spi_lpc1700.o
    0x00003990   0x00003990   0x0000014c   Code   RO           31    i.tie               blinky.o
    0x00003adc   0x00003adc   0x00000180   Code   RO           32    i.win               blinky.o
    0x00003c5c   0x00003c5c   0x00000340   Code   RO           33    i.win_final_multiplayer  blinky.o
    0x00003f9c   0x00003f9c   0x00000498   Code   RO           34    i.win_final_singleplayer  blinky.o
    0x00004434   0x00004434   0x00000028   Code   RO          202    i.wr_cmd            glcd_spi_lpc1700.o
    0x0000445c   0x0000445c   0x00000028   Code   RO          203    i.wr_dat            glcd_spi_lpc1700.o
    0x00004484   0x00004484   0x00000012   Code   RO          204    i.wr_dat_only       glcd_spi_lpc1700.o
    0x00004496   0x00004496   0x00000002   PAD
    0x00004498   0x00004498   0x00000014   Code   RO          205    i.wr_dat_start      glcd_spi_lpc1700.o
    0x000044ac   0x000044ac   0x0000000c   Code   RO          206    i.wr_dat_stop       glcd_spi_lpc1700.o
    0x000044b8   0x000044b8   0x00000014   Code   RO          207    i.wr_reg            glcd_spi_lpc1700.o
    0x000044cc   0x000044cc   0x00001880   Data   RO          208    .constdata          glcd_spi_lpc1700.o
    0x00005d4c   0x00005d4c   0x000000e4   Data   RO          579    .constdata          usbdesc.o
    0x00005e30   0x00005e30   0x00000010   Data   RO          661    .constdata          usbhw.o
    0x00005e40   0x00005e40   0x00000040   Data   RO          852    .constdata          usbuser.o
    0x00005e80   0x00005e80   0x0001b081   Data   RO         1031    .constdata          img1.o
    0x00020f01   0x00020f01   0x00014c09   Data   RO         1038    .constdata          game.o
    0x00035b0a   0x00035b0a   0x0001b081   Data   RO         1045    .constdata          img2.o
    0x00050b8b   0x00050b8b   0x0001ab81   Data   RO         1052    .constdata          img3.o
    0x0006b70c   0x0006b70c   0x00000040   Data   RO         1087    Region$$Table       anon$$obj.o


    Execution Region RW_IRAM1 (Exec base: 0x10000000, Load base: 0x0006b74c, Size: 0x000002bc, Max: 0x00008000, ABSOLUTE)

    Exec Addr    Load Addr    Size         Type   Attr      Idx    E Section Name        Object

    0x10000000   0x0006b74c   0x00000024   Data   RW           35    .data               blinky.o
    0x10000024   0x0006b770   0x00000005   Data   RW          209    .data               glcd_spi_lpc1700.o
    0x10000029   0x0006b775   0x00000001   PAD
    0x1000002a   0x0006b776   0x00000002   Data   RW          422    .data               adcuser.o
    0x1000002c   0x0006b778   0x00000028   Data   RW          482    .data               usbcore.o
    0x10000054   0x0006b7a0   0x00000008   Data   RW         1001    .data               system_lpc17xx.o
    0x1000005c        -       0x00000040   Zero   RW          481    .bss                usbcore.o
    0x1000009c        -       0x00000220   Zero   RW          663    USB_RAM             usbhw.o


    Execution Region RW_IRAM2 (Exec base: 0x2007c000, Load base: 0x0006b7a8, Size: 0x000002c0, Max: 0x00008000, ABSOLUTE)

    Exec Addr    Load Addr    Size         Type   Attr      Idx    E Section Name        Object

    0x2007c000   0x0006b7a8   0x00000007   Data   RW          170    .data               irq.o
    0x2007c007   0x0006b7af   0x00000001   PAD
    0x2007c008   0x0006b7b0   0x00000028   Data   RW          594    .data               usbdmain.o
    0x2007c030   0x0006b7d8   0x00000008   Data   RW          662    .data               usbhw.o
    0x2007c038   0x0006b7e0   0x00000004   Data   RW         1065    .data               mc_w.l(rand.o)
    0x2007c03c        -       0x00000080   Zero   RW          660    .bss                usbhw.o
    0x2007c0bc   0x0006b7e4   0x00000004   PAD
    0x2007c0c0        -       0x00000200   Zero   RW          988    STACK               startup_lpc17xx.o


==============================================================================

Image component sizes


      Code (inc. data)   RO Data    RW Data    ZI Data      Debug   Object Name

       248         32          0          2          0       6722   adcuser.o
      8228       1882          0         36          0      13938   blinky.o
         0          0          0          0          0       4540   core_cm3.o
         0          0      85001          0          0        311   game.o
      2674         94       6272          5          0      13307   glcd_spi_lpc1700.o
         0          0     110721          0          0        304   img1.o
         0          0     110721          0          0        304   img2.o
         0          0     109441          0          0        304   img3.o
       124         16          0          7          0        698   irq.o
        36          4          0          0          0        783   kbd.o
        48          8          0          0          0        343   led.o
        40         12        204          0        512        888   startup_lpc17xx.o
       640         36          0          8          0       1195   system_lpc17xx.o
      2374        236          0         40         64      10611   usbcore.o
         0          0        228          0          0        597   usbdesc.o
       592         84          0         40          0      22731   usbdmain.o
      2076        230         16          8        672      13436   usbhw.o
       194         20         64          0          0       1809   usbuser.o

    ----------------------------------------------------------------------
     17284       2654     422732        148       1252      92821   Object Totals
         0          0         64          0          0          0   (incl. Generated)
        10          0          0          2          4          0   (incl. Padding)

    ----------------------------------------------------------------------

      Code (inc. data)   RO Data    RW Data    ZI Data      Debug   Library Member Name

         0          0          0          0          0          0   entry.o
         0          0          0          0          0          0   entry10a.o
         0          0          0          0          0          0   entry11a.o
         8          4          0          0          0          0   entry2.o
         4          0          0          0          0          0   entry5.o
         0          0          0          0          0          0   entry7b.o
         0          0          0          0          0          0   entry8b.o
         8          4          0          0          0          0   entry9a.o
        30          0          0          0          0          0   handlers.o
        36          8          0          0          0         68   init.o
        36         10          0          4          0        136   rand.o

    ----------------------------------------------------------------------
       124         26          0          4          0        204   Library Totals
         2          0          0          0          0          0   (incl. Padding)

    ----------------------------------------------------------------------

      Code (inc. data)   RO Data    RW Data    ZI Data      Debug   Library Name

       122         26          0          4          0        204   mc_w.l

    ----------------------------------------------------------------------
       124         26          0          4          0        204   Library Totals

    ----------------------------------------------------------------------

==============================================================================


      Code (inc. data)   RO Data    RW Data    ZI Data      Debug   

     17408       2680     422732        152       1252      88601   Grand Totals
     17408       2680     422732        152       1252      88601   ELF Image Totals
     17408       2680     422732        152          0          0   ROM Totals

==============================================================================

    Total RO  Size (Code + RO Data)               440140 ( 429.82kB)
    Total RW  Size (RW Data + ZI Data)              1404 (   1.37kB)
    Total ROM Size (Code + RO Data + RW Data)     440292 ( 429.97kB)

==============================================================================

